Archive member included to satisfy reference by file (symbol)

c:/mounriver/mounriver_studio2/resources/app/resources/win32/components/wch/toolchain/risc-v embedded gcc/bin/../lib/gcc/riscv-none-embed/8.2.0/../../../../riscv-none-embed/lib/rv32ecxw/ilp32e\libprintf.a(wchprintf.o)
                              ./User/main.o (printf)
c:/mounriver/mounriver_studio2/resources/app/resources/win32/components/wch/toolchain/risc-v embedded gcc/bin/../lib/gcc/riscv-none-embed/8.2.0/rv32ecxw/ilp32e\libgcc.a(save-restore.o)
                              ./User/buzzer.o (__riscv_save_2)
c:/mounriver/mounriver_studio2/resources/app/resources/win32/components/wch/toolchain/risc-v embedded gcc/bin/../lib/gcc/riscv-none-embed/8.2.0/rv32ecxw/ilp32e\libgcc.a(muldi3.o)
                              ./User/buzzer.o (__mulsi3)
c:/mounriver/mounriver_studio2/resources/app/resources/win32/components/wch/toolchain/risc-v embedded gcc/bin/../lib/gcc/riscv-none-embed/8.2.0/rv32ecxw/ilp32e\libgcc.a(div.o)
                              ./User/buzzer.o (__divsi3)
c:/mounriver/mounriver_studio2/resources/app/resources/win32/components/wch/toolchain/risc-v embedded gcc/bin/../lib/gcc/riscv-none-embed/8.2.0/../../../../riscv-none-embed/lib/rv32ecxw/ilp32e\libg_nano.a(lib_a-memset.o)
                              ./User/init.o (memset)

Discarded input sections

 .text          0x0000000000000000        0x0 ./User/adc.o
 .data          0x0000000000000000        0x0 ./User/adc.o
 .bss           0x0000000000000000        0x0 ./User/adc.o
 .debug_line    0x0000000000000000        0x0 ./User/adc.o
 .debug_str     0x0000000000000000      0x121 ./User/adc.o
 .comment       0x0000000000000000       0x34 ./User/adc.o
 .text          0x0000000000000000        0x0 ./User/buzzer.o
 .data          0x0000000000000000        0x0 ./User/buzzer.o
 .bss           0x0000000000000000        0x0 ./User/buzzer.o
 .text.buzzer_error
                0x0000000000000000       0x30 ./User/buzzer.o
 .text.buzzer_error_strong
                0x0000000000000000       0x3c ./User/buzzer.o
 .text.buzzer_warning_double
                0x0000000000000000       0x3c ./User/buzzer.o
 .text.buzzer_success_long
                0x0000000000000000       0x40 ./User/buzzer.o
 .text.buzzer_critical
                0x0000000000000000       0x32 ./User/buzzer.o
 .text.buzzer_access_denied
                0x0000000000000000       0x30 ./User/buzzer.o
 .text.buzzer_notify
                0x0000000000000000       0x30 ./User/buzzer.o
 .text.buzzer_android_notify
                0x0000000000000000       0x30 ./User/buzzer.o
 .text.buzzer_robot
                0x0000000000000000       0x40 ./User/buzzer.o
 .text.buzzer_microwave_done
                0x0000000000000000       0x3c ./User/buzzer.o
 .text.buzzer_winxp_msg
                0x0000000000000000       0x40 ./User/buzzer.o
 .text.buzzer_charging
                0x0000000000000000       0x30 ./User/buzzer.o
 .text          0x0000000000000000        0x0 ./User/ch32v00x_it.o
 .data          0x0000000000000000        0x0 ./User/ch32v00x_it.o
 .bss           0x0000000000000000        0x0 ./User/ch32v00x_it.o
 .text          0x0000000000000000        0x0 ./User/init.o
 .data          0x0000000000000000        0x0 ./User/init.o
 .bss           0x0000000000000000        0x0 ./User/init.o
 .group         0x0000000000000000        0xc ./User/main.o
 .text          0x0000000000000000        0x0 ./User/main.o
 .data          0x0000000000000000        0x0 ./User/main.o
 .bss           0x0000000000000000        0x0 ./User/main.o
 .bss.comandMotorOn
                0x0000000000000000        0x2 ./User/main.o
 .eh_frame      0x0000000000000000      0x13c ./User/main.o
 .group         0x0000000000000000        0xc ./User/motor.o
 .group         0x0000000000000000        0xc ./User/motor.o
 .text          0x0000000000000000        0x0 ./User/motor.o
 .data          0x0000000000000000        0x0 ./User/motor.o
 .bss           0x0000000000000000        0x0 ./User/motor.o
 .text.Motor_Start
                0x0000000000000000        0xc ./User/motor.o
 .text._Z14Motor_GetStatev
                0x0000000000000000        0xa ./User/motor.o
 .eh_frame      0x0000000000000000      0x164 ./User/motor.o
 .group         0x0000000000000000        0xc ./User/screens.o
 .group         0x0000000000000000        0xc ./User/screens.o
 .text          0x0000000000000000        0x0 ./User/screens.o
 .data          0x0000000000000000        0x0 ./User/screens.o
 .bss           0x0000000000000000        0x0 ./User/screens.o
 .text.ScreenPower
                0x0000000000000000       0x2a ./User/screens.o
 .text._Z6statusi
                0x0000000000000000       0x2a ./User/screens.o
 .text._Z4exitv
                0x0000000000000000       0x20 ./User/screens.o
 .rodata.ScreenPower.str1.4
                0x0000000000000000        0xc ./User/screens.o
 .eh_frame      0x0000000000000000      0x17c ./User/screens.o
 .text          0x0000000000000000        0x0 ./User/system_ch32v00x.o
 .data          0x0000000000000000        0x0 ./User/system_ch32v00x.o
 .bss           0x0000000000000000        0x0 ./User/system_ch32v00x.o
 .text          0x0000000000000000        0x0 ./SRC/ch32v00x_adc.o
 .data          0x0000000000000000        0x0 ./SRC/ch32v00x_adc.o
 .bss           0x0000000000000000        0x0 ./SRC/ch32v00x_adc.o
 .text.ADC_StructInit
                0x0000000000000000       0x1a ./SRC/ch32v00x_adc.o
 .text.ADC_DMACmd
                0x0000000000000000       0x12 ./SRC/ch32v00x_adc.o
 .text.ADC_ITConfig
                0x0000000000000000       0x16 ./SRC/ch32v00x_adc.o
 .text.ADC_GetSoftwareStartConvStatus
                0x0000000000000000        0x8 ./SRC/ch32v00x_adc.o
 .text.ADC_DiscModeChannelCountConfig
                0x0000000000000000       0x12 ./SRC/ch32v00x_adc.o
 .text.ADC_DiscModeCmd
                0x0000000000000000       0x1a ./SRC/ch32v00x_adc.o
 .text.ADC_ExternalTrigConvCmd
                0x0000000000000000       0x18 ./SRC/ch32v00x_adc.o
 .text.ADC_AutoInjectedConvCmd
                0x0000000000000000       0x12 ./SRC/ch32v00x_adc.o
 .text.ADC_InjectedDiscModeCmd
                0x0000000000000000       0x14 ./SRC/ch32v00x_adc.o
 .text.ADC_ExternalTrigInjectedConvConfig
                0x0000000000000000        0xe ./SRC/ch32v00x_adc.o
 .text.ADC_ExternalTrigInjectedConvCmd
                0x0000000000000000       0x14 ./SRC/ch32v00x_adc.o
 .text.ADC_SoftwareStartInjectedConvCmd
                0x0000000000000000       0x18 ./SRC/ch32v00x_adc.o
 .text.ADC_GetSoftwareStartInjectedConvCmdStatus
                0x0000000000000000        0x8 ./SRC/ch32v00x_adc.o
 .text.ADC_InjectedChannelConfig
                0x0000000000000000       0x7a ./SRC/ch32v00x_adc.o
 .text.ADC_InjectedSequencerLengthConfig
                0x0000000000000000       0x14 ./SRC/ch32v00x_adc.o
 .text.ADC_SetInjectedOffset
                0x0000000000000000       0x14 ./SRC/ch32v00x_adc.o
 .text.ADC_GetInjectedConversionValue
                0x0000000000000000       0x1c ./SRC/ch32v00x_adc.o
 .text.ADC_AnalogWatchdogCmd
                0x0000000000000000       0x12 ./SRC/ch32v00x_adc.o
 .text.ADC_AnalogWatchdogThresholdsConfig
                0x0000000000000000        0x6 ./SRC/ch32v00x_adc.o
 .text.ADC_AnalogWatchdogSingleChannelConfig
                0x0000000000000000        0xa ./SRC/ch32v00x_adc.o
 .text.ADC_ClearFlag
                0x0000000000000000        0x8 ./SRC/ch32v00x_adc.o
 .text.ADC_GetITStatus
                0x0000000000000000       0x1c ./SRC/ch32v00x_adc.o
 .text.ADC_ClearITPendingBit
                0x0000000000000000        0xa ./SRC/ch32v00x_adc.o
 .text.ADC_Calibration_Vol
                0x0000000000000000       0x14 ./SRC/ch32v00x_adc.o
 .text.ADC_ExternalTrig_DLY
                0x0000000000000000       0x16 ./SRC/ch32v00x_adc.o
 .text          0x0000000000000000        0x0 ./SRC/ch32v00x_dbgmcu.o
 .data          0x0000000000000000        0x0 ./SRC/ch32v00x_dbgmcu.o
 .bss           0x0000000000000000        0x0 ./SRC/ch32v00x_dbgmcu.o
 .text.DBGMCU_GetREVID
                0x0000000000000000        0xa ./SRC/ch32v00x_dbgmcu.o
 .text.DBGMCU_GetDEVID
                0x0000000000000000        0xa ./SRC/ch32v00x_dbgmcu.o
 .text.__get_DEBUG_CR
                0x0000000000000000        0x6 ./SRC/ch32v00x_dbgmcu.o
 .text.__set_DEBUG_CR
                0x0000000000000000        0x6 ./SRC/ch32v00x_dbgmcu.o
 .text.DBGMCU_Config
                0x0000000000000000       0x14 ./SRC/ch32v00x_dbgmcu.o
 .text.DBGMCU_GetCHIPID
                0x0000000000000000        0xa ./SRC/ch32v00x_dbgmcu.o
 .debug_info    0x0000000000000000      0xb00 ./SRC/ch32v00x_dbgmcu.o
 .debug_abbrev  0x0000000000000000      0x2f7 ./SRC/ch32v00x_dbgmcu.o
 .debug_loc     0x0000000000000000       0x7c ./SRC/ch32v00x_dbgmcu.o
 .debug_aranges
                0x0000000000000000       0x48 ./SRC/ch32v00x_dbgmcu.o
 .debug_ranges  0x0000000000000000       0x50 ./SRC/ch32v00x_dbgmcu.o
 .debug_line    0x0000000000000000      0x418 ./SRC/ch32v00x_dbgmcu.o
 .debug_str     0x0000000000000000      0x6d2 ./SRC/ch32v00x_dbgmcu.o
 .comment       0x0000000000000000       0x34 ./SRC/ch32v00x_dbgmcu.o
 .debug_frame   0x0000000000000000       0x70 ./SRC/ch32v00x_dbgmcu.o
 .text          0x0000000000000000        0x0 ./SRC/ch32v00x_dma.o
 .data          0x0000000000000000        0x0 ./SRC/ch32v00x_dma.o
 .bss           0x0000000000000000        0x0 ./SRC/ch32v00x_dma.o
 .text.DMA_DeInit
                0x0000000000000000       0x92 ./SRC/ch32v00x_dma.o
 .text.DMA_Init
                0x0000000000000000       0x38 ./SRC/ch32v00x_dma.o
 .text.DMA_StructInit
                0x0000000000000000       0x2e ./SRC/ch32v00x_dma.o
 .text.DMA_Cmd  0x0000000000000000       0x14 ./SRC/ch32v00x_dma.o
 .text.DMA_ITConfig
                0x0000000000000000       0x12 ./SRC/ch32v00x_dma.o
 .text.DMA_SetCurrDataCounter
                0x0000000000000000        0x4 ./SRC/ch32v00x_dma.o
 .text.DMA_GetCurrDataCounter
                0x0000000000000000        0x8 ./SRC/ch32v00x_dma.o
 .text.DMA_GetFlagStatus
                0x0000000000000000        0xe ./SRC/ch32v00x_dma.o
 .text.DMA_ClearFlag
                0x0000000000000000        0x8 ./SRC/ch32v00x_dma.o
 .text.DMA_GetITStatus
                0x0000000000000000       0x18 ./SRC/ch32v00x_dma.o
 .text.DMA_ClearITPendingBit
                0x0000000000000000        0x8 ./SRC/ch32v00x_dma.o
 .debug_info    0x0000000000000000      0xd6b ./SRC/ch32v00x_dma.o
 .debug_abbrev  0x0000000000000000      0x302 ./SRC/ch32v00x_dma.o
 .debug_loc     0x0000000000000000      0x14a ./SRC/ch32v00x_dma.o
 .debug_aranges
                0x0000000000000000       0x60 ./SRC/ch32v00x_dma.o
 .debug_ranges  0x0000000000000000       0x50 ./SRC/ch32v00x_dma.o
 .debug_line    0x0000000000000000      0x7f3 ./SRC/ch32v00x_dma.o
 .debug_str     0x0000000000000000      0x86b ./SRC/ch32v00x_dma.o
 .comment       0x0000000000000000       0x34 ./SRC/ch32v00x_dma.o
 .debug_frame   0x0000000000000000       0xcc ./SRC/ch32v00x_dma.o
 .text          0x0000000000000000        0x0 ./SRC/ch32v00x_exti.o
 .data          0x0000000000000000        0x0 ./SRC/ch32v00x_exti.o
 .bss           0x0000000000000000        0x0 ./SRC/ch32v00x_exti.o
 .text.EXTI_DeInit
                0x0000000000000000       0x22 ./SRC/ch32v00x_exti.o
 .text.EXTI_StructInit
                0x0000000000000000       0x12 ./SRC/ch32v00x_exti.o
 .text.EXTI_GenerateSWInterrupt
                0x0000000000000000       0x10 ./SRC/ch32v00x_exti.o
 .text.EXTI_GetFlagStatus
                0x0000000000000000       0x12 ./SRC/ch32v00x_exti.o
 .text.EXTI_ClearFlag
                0x0000000000000000        0xa ./SRC/ch32v00x_exti.o
 .text.EXTI_GetITStatus
                0x0000000000000000       0x1e ./SRC/ch32v00x_exti.o
 .text.EXTI_ClearITPendingBit
                0x0000000000000000        0xa ./SRC/ch32v00x_exti.o
 .text          0x0000000000000000        0x0 ./SRC/ch32v00x_flash.o
 .data          0x0000000000000000        0x0 ./SRC/ch32v00x_flash.o
 .bss           0x0000000000000000        0x0 ./SRC/ch32v00x_flash.o
 .text.ROM_ERASE
                0x0000000000000000       0x60 ./SRC/ch32v00x_flash.o
 .text.FLASH_SetLatency
                0x0000000000000000        0xe ./SRC/ch32v00x_flash.o
 .text.FLASH_GetUserOptionByte
                0x0000000000000000        0xa ./SRC/ch32v00x_flash.o
 .text.FLASH_GetWriteProtectionOptionByte
                0x0000000000000000        0x8 ./SRC/ch32v00x_flash.o
 .text.FLASH_GetReadOutProtectionStatus
                0x0000000000000000        0xc ./SRC/ch32v00x_flash.o
 .text.FLASH_ITConfig
                0x0000000000000000       0x1e ./SRC/ch32v00x_flash.o
 .text.FLASH_GetFlagStatus
                0x0000000000000000       0x1e ./SRC/ch32v00x_flash.o
 .text.FLASH_ClearFlag
                0x0000000000000000        0x8 ./SRC/ch32v00x_flash.o
 .text.FLASH_GetStatus
                0x0000000000000000       0x18 ./SRC/ch32v00x_flash.o
 .text.FLASH_ErasePage
                0x0000000000000000       0x4c ./SRC/ch32v00x_flash.o
 .text.FLASH_EraseAllPages
                0x0000000000000000       0x48 ./SRC/ch32v00x_flash.o
 .text.FLASH_EraseOptionBytes
                0x0000000000000000       0x9a ./SRC/ch32v00x_flash.o
 .text.FLASH_ProgramWord
                0x0000000000000000       0x6e ./SRC/ch32v00x_flash.o
 .text.FLASH_ProgramOptionByteData
                0x0000000000000000       0x66 ./SRC/ch32v00x_flash.o
 .text.FLASH_EnableWriteProtection
                0x0000000000000000       0x9e ./SRC/ch32v00x_flash.o
 .text.FLASH_ReadOutProtection
                0x0000000000000000       0xae ./SRC/ch32v00x_flash.o
 .text.FLASH_UserOptionByteConfig
                0x0000000000000000       0x7a ./SRC/ch32v00x_flash.o
 .text.FLASH_WaitForLastBank1Operation
                0x0000000000000000       0x18 ./SRC/ch32v00x_flash.o
 .text.FLASH_BufReset
                0x0000000000000000       0x28 ./SRC/ch32v00x_flash.o
 .text.FLASH_BufLoad
                0x0000000000000000       0x36 ./SRC/ch32v00x_flash.o
 .text.FLASH_ProgramPage_Fast
                0x0000000000000000       0x34 ./SRC/ch32v00x_flash.o
 .text.SystemReset_StartMode
                0x0000000000000000       0x56 ./SRC/ch32v00x_flash.o
 .text.FLASH_ROM_ERASE
                0x0000000000000000      0x140 ./SRC/ch32v00x_flash.o
 .text.FLASH_ROM_WRITE
                0x0000000000000000       0xf6 ./SRC/ch32v00x_flash.o
 .text          0x0000000000000000        0x0 ./SRC/ch32v00x_gpio.o
 .data          0x0000000000000000        0x0 ./SRC/ch32v00x_gpio.o
 .bss           0x0000000000000000        0x0 ./SRC/ch32v00x_gpio.o
 .text.GPIO_DeInit
                0x0000000000000000       0x68 ./SRC/ch32v00x_gpio.o
 .text.GPIO_AFIODeInit
                0x0000000000000000       0x28 ./SRC/ch32v00x_gpio.o
 .text.GPIO_StructInit
                0x0000000000000000        0xe ./SRC/ch32v00x_gpio.o
 .text.GPIO_ReadInputData
                0x0000000000000000        0x8 ./SRC/ch32v00x_gpio.o
 .text.GPIO_ReadOutputDataBit
                0x0000000000000000        0xa ./SRC/ch32v00x_gpio.o
 .text.GPIO_ReadOutputData
                0x0000000000000000        0x8 ./SRC/ch32v00x_gpio.o
 .text.GPIO_SetBits
                0x0000000000000000        0x4 ./SRC/ch32v00x_gpio.o
 .text.GPIO_ResetBits
                0x0000000000000000        0x4 ./SRC/ch32v00x_gpio.o
 .text.GPIO_Write
                0x0000000000000000        0x4 ./SRC/ch32v00x_gpio.o
 .text.GPIO_PinLockConfig
                0x0000000000000000       0x10 ./SRC/ch32v00x_gpio.o
 .text.GPIO_IPD_Unused
                0x0000000000000000       0xa4 ./SRC/ch32v00x_gpio.o
 .text          0x0000000000000000        0x0 ./SRC/ch32v00x_i2c.o
 .data          0x0000000000000000        0x0 ./SRC/ch32v00x_i2c.o
 .bss           0x0000000000000000        0x0 ./SRC/ch32v00x_i2c.o
 .text.I2C_DeInit
                0x0000000000000000       0x3a ./SRC/ch32v00x_i2c.o
 .text.I2C_Init
                0x0000000000000000      0x100 ./SRC/ch32v00x_i2c.o
 .text.I2C_StructInit
                0x0000000000000000       0x18 ./SRC/ch32v00x_i2c.o
 .text.I2C_Cmd  0x0000000000000000       0x18 ./SRC/ch32v00x_i2c.o
 .text.I2C_DMACmd
                0x0000000000000000       0x1e ./SRC/ch32v00x_i2c.o
 .text.I2C_DMALastTransferCmd
                0x0000000000000000       0x16 ./SRC/ch32v00x_i2c.o
 .text.I2C_GenerateSTART
                0x0000000000000000       0x1a ./SRC/ch32v00x_i2c.o
 .text.I2C_GenerateSTOP
                0x0000000000000000       0x1a ./SRC/ch32v00x_i2c.o
 .text.I2C_AcknowledgeConfig
                0x0000000000000000       0x1a ./SRC/ch32v00x_i2c.o
 .text.I2C_OwnAddress2Config
                0x0000000000000000       0x14 ./SRC/ch32v00x_i2c.o
 .text.I2C_DualAddressCmd
                0x0000000000000000       0x18 ./SRC/ch32v00x_i2c.o
 .text.I2C_GeneralCallCmd
                0x0000000000000000       0x1a ./SRC/ch32v00x_i2c.o
 .text.I2C_ITConfig
                0x0000000000000000       0x12 ./SRC/ch32v00x_i2c.o
 .text.I2C_SendData
                0x0000000000000000        0x4 ./SRC/ch32v00x_i2c.o
 .text.I2C_ReceiveData
                0x0000000000000000        0x8 ./SRC/ch32v00x_i2c.o
 .text.I2C_Send7bitAddress
                0x0000000000000000       0x12 ./SRC/ch32v00x_i2c.o
 .text.I2C_ReadRegister
                0x0000000000000000       0x14 ./SRC/ch32v00x_i2c.o
 .text.I2C_SoftwareResetCmd
                0x0000000000000000       0x12 ./SRC/ch32v00x_i2c.o
 .text.I2C_NACKPositionConfig
                0x0000000000000000       0x22 ./SRC/ch32v00x_i2c.o
 .text.I2C_TransmitPEC
                0x0000000000000000       0x16 ./SRC/ch32v00x_i2c.o
 .text.I2C_PECPositionConfig
                0x0000000000000000       0x18 ./SRC/ch32v00x_i2c.o
 .text.I2C_CalculatePEC
                0x0000000000000000       0x1a ./SRC/ch32v00x_i2c.o
 .text.I2C_GetPEC
                0x0000000000000000        0x6 ./SRC/ch32v00x_i2c.o
 .text.I2C_ARPCmd
                0x0000000000000000       0x18 ./SRC/ch32v00x_i2c.o
 .text.I2C_StretchClockCmd
                0x0000000000000000       0x1a ./SRC/ch32v00x_i2c.o
 .text.I2C_FastModeDutyCycleConfig
                0x0000000000000000       0x1a ./SRC/ch32v00x_i2c.o
 .text.I2C_CheckEvent
                0x0000000000000000       0x16 ./SRC/ch32v00x_i2c.o
 .text.I2C_GetLastEvent
                0x0000000000000000        0xe ./SRC/ch32v00x_i2c.o
 .text.I2C_GetFlagStatus
                0x0000000000000000       0x32 ./SRC/ch32v00x_i2c.o
 .text.I2C_ClearFlag
                0x0000000000000000        0xc ./SRC/ch32v00x_i2c.o
 .text.I2C_GetITStatus
                0x0000000000000000       0x20 ./SRC/ch32v00x_i2c.o
 .text.I2C_ClearITPendingBit
                0x0000000000000000        0xc ./SRC/ch32v00x_i2c.o
 .debug_info    0x0000000000000000     0x146b ./SRC/ch32v00x_i2c.o
 .debug_abbrev  0x0000000000000000      0x3a7 ./SRC/ch32v00x_i2c.o
 .debug_loc     0x0000000000000000      0x720 ./SRC/ch32v00x_i2c.o
 .debug_aranges
                0x0000000000000000      0x108 ./SRC/ch32v00x_i2c.o
 .debug_ranges  0x0000000000000000       0xf8 ./SRC/ch32v00x_i2c.o
 .debug_line    0x0000000000000000     0x10da ./SRC/ch32v00x_i2c.o
 .debug_str     0x0000000000000000      0xb2a ./SRC/ch32v00x_i2c.o
 .comment       0x0000000000000000       0x34 ./SRC/ch32v00x_i2c.o
 .debug_frame   0x0000000000000000      0x254 ./SRC/ch32v00x_i2c.o
 .text          0x0000000000000000        0x0 ./SRC/ch32v00x_iwdg.o
 .data          0x0000000000000000        0x0 ./SRC/ch32v00x_iwdg.o
 .bss           0x0000000000000000        0x0 ./SRC/ch32v00x_iwdg.o
 .text.IWDG_WriteAccessCmd
                0x0000000000000000        0x8 ./SRC/ch32v00x_iwdg.o
 .text.IWDG_SetPrescaler
                0x0000000000000000        0x8 ./SRC/ch32v00x_iwdg.o
 .text.IWDG_SetReload
                0x0000000000000000        0x8 ./SRC/ch32v00x_iwdg.o
 .text.IWDG_ReloadCounter
                0x0000000000000000        0xe ./SRC/ch32v00x_iwdg.o
 .text.IWDG_Enable
                0x0000000000000000       0x18 ./SRC/ch32v00x_iwdg.o
 .text.IWDG_GetFlagStatus
                0x0000000000000000        0xe ./SRC/ch32v00x_iwdg.o
 .debug_info    0x0000000000000000      0xb9a ./SRC/ch32v00x_iwdg.o
 .debug_abbrev  0x0000000000000000      0x282 ./SRC/ch32v00x_iwdg.o
 .debug_loc     0x0000000000000000       0x68 ./SRC/ch32v00x_iwdg.o
 .debug_aranges
                0x0000000000000000       0x48 ./SRC/ch32v00x_iwdg.o
 .debug_ranges  0x0000000000000000       0x38 ./SRC/ch32v00x_iwdg.o
 .debug_line    0x0000000000000000      0x44b ./SRC/ch32v00x_iwdg.o
 .debug_str     0x0000000000000000      0x771 ./SRC/ch32v00x_iwdg.o
 .comment       0x0000000000000000       0x34 ./SRC/ch32v00x_iwdg.o
 .debug_frame   0x0000000000000000       0x70 ./SRC/ch32v00x_iwdg.o
 .text          0x0000000000000000        0x0 ./SRC/ch32v00x_misc.o
 .data          0x0000000000000000        0x0 ./SRC/ch32v00x_misc.o
 .bss           0x0000000000000000        0x0 ./SRC/ch32v00x_misc.o
 .text.NVIC_Init
                0x0000000000000000       0x66 ./SRC/ch32v00x_misc.o
 .text          0x0000000000000000        0x0 ./SRC/ch32v00x_opa.o
 .data          0x0000000000000000        0x0 ./SRC/ch32v00x_opa.o
 .bss           0x0000000000000000        0x0 ./SRC/ch32v00x_opa.o
 .text.OPA_DeInit
                0x0000000000000000       0x16 ./SRC/ch32v00x_opa.o
 .text.OPA_Init
                0x0000000000000000       0x22 ./SRC/ch32v00x_opa.o
 .text.OPA_StructInit
                0x0000000000000000        0xa ./SRC/ch32v00x_opa.o
 .text.OPA_Cmd  0x0000000000000000       0x2c ./SRC/ch32v00x_opa.o
 .debug_info    0x0000000000000000      0xb11 ./SRC/ch32v00x_opa.o
 .debug_abbrev  0x0000000000000000      0x230 ./SRC/ch32v00x_opa.o
 .debug_loc     0x0000000000000000       0x35 ./SRC/ch32v00x_opa.o
 .debug_aranges
                0x0000000000000000       0x38 ./SRC/ch32v00x_opa.o
 .debug_ranges  0x0000000000000000       0x28 ./SRC/ch32v00x_opa.o
 .debug_line    0x0000000000000000      0x441 ./SRC/ch32v00x_opa.o
 .debug_str     0x0000000000000000      0x6f9 ./SRC/ch32v00x_opa.o
 .comment       0x0000000000000000       0x34 ./SRC/ch32v00x_opa.o
 .debug_frame   0x0000000000000000       0x50 ./SRC/ch32v00x_opa.o
 .text          0x0000000000000000        0x0 ./SRC/ch32v00x_pwr.o
 .data          0x0000000000000000        0x0 ./SRC/ch32v00x_pwr.o
 .bss           0x0000000000000000        0x0 ./SRC/ch32v00x_pwr.o
 .text.PWR_DeInit
                0x0000000000000000       0x2c ./SRC/ch32v00x_pwr.o
 .text.PWR_PVDCmd
                0x0000000000000000       0x14 ./SRC/ch32v00x_pwr.o
 .text.PWR_PVDLevelConfig
                0x0000000000000000       0x10 ./SRC/ch32v00x_pwr.o
 .text.PWR_AutoWakeUpCmd
                0x0000000000000000       0x14 ./SRC/ch32v00x_pwr.o
 .text.PWR_AWU_SetPrescaler
                0x0000000000000000        0xe ./SRC/ch32v00x_pwr.o
 .text.PWR_AWU_SetWindowValue
                0x0000000000000000       0x1e ./SRC/ch32v00x_pwr.o
 .text.PWR_GetFlagStatus
                0x0000000000000000        0xe ./SRC/ch32v00x_pwr.o
 .text          0x0000000000000000        0x0 ./SRC/ch32v00x_rcc.o
 .data          0x0000000000000000        0x0 ./SRC/ch32v00x_rcc.o
 .bss           0x0000000000000000        0x0 ./SRC/ch32v00x_rcc.o
 .text.RCC_HSEConfig
                0x0000000000000000       0x3c ./SRC/ch32v00x_rcc.o
 .text.RCC_DeInit
                0x0000000000000000       0x58 ./SRC/ch32v00x_rcc.o
 .text.RCC_HSICmd
                0x0000000000000000       0x14 ./SRC/ch32v00x_rcc.o
 .text.RCC_PLLConfig
                0x0000000000000000       0x12 ./SRC/ch32v00x_rcc.o
 .text.RCC_PLLCmd
                0x0000000000000000       0x24 ./SRC/ch32v00x_rcc.o
 .text.RCC_SYSCLKConfig
                0x0000000000000000       0x4e ./SRC/ch32v00x_rcc.o
 .text.RCC_GetSYSCLKSource
                0x0000000000000000        0xa ./SRC/ch32v00x_rcc.o
 .text.RCC_HCLKConfig
                0x0000000000000000       0x10 ./SRC/ch32v00x_rcc.o
 .text.RCC_ITConfig
                0x0000000000000000       0x16 ./SRC/ch32v00x_rcc.o
 .text.RCC_LSICmd
                0x0000000000000000       0x14 ./SRC/ch32v00x_rcc.o
 .text.RCC_AHBPeriphClockCmd
                0x0000000000000000       0x1e ./SRC/ch32v00x_rcc.o
 .text.RCC_APB1PeriphResetCmd
                0x0000000000000000       0x1e ./SRC/ch32v00x_rcc.o
 .text.RCC_ClockSecuritySystemCmd
                0x0000000000000000       0x24 ./SRC/ch32v00x_rcc.o
 .text.RCC_MCOConfig
                0x0000000000000000        0x8 ./SRC/ch32v00x_rcc.o
 .text.RCC_GetFlagStatus
                0x0000000000000000       0x20 ./SRC/ch32v00x_rcc.o
 .text.RCC_WaitForHSEStartUp
                0x0000000000000000       0x42 ./SRC/ch32v00x_rcc.o
 .text.RCC_ClearFlag
                0x0000000000000000       0x10 ./SRC/ch32v00x_rcc.o
 .text.RCC_GetITStatus
                0x0000000000000000        0xe ./SRC/ch32v00x_rcc.o
 .text.RCC_ClearITPendingBit
                0x0000000000000000        0x8 ./SRC/ch32v00x_rcc.o
 .text          0x0000000000000000        0x0 ./SRC/ch32v00x_spi.o
 .data          0x0000000000000000        0x0 ./SRC/ch32v00x_spi.o
 .bss           0x0000000000000000        0x0 ./SRC/ch32v00x_spi.o
 .text.SPI_I2S_DeInit
                0x0000000000000000       0x32 ./SRC/ch32v00x_spi.o
 .text.SPI_Init
                0x0000000000000000       0x32 ./SRC/ch32v00x_spi.o
 .text.SPI_StructInit
                0x0000000000000000       0x16 ./SRC/ch32v00x_spi.o
 .text.SPI_Cmd  0x0000000000000000       0x1a ./SRC/ch32v00x_spi.o
 .text.SPI_I2S_ITConfig
                0x0000000000000000       0x1e ./SRC/ch32v00x_spi.o
 .text.SPI_I2S_DMACmd
                0x0000000000000000       0x12 ./SRC/ch32v00x_spi.o
 .text.SPI_I2S_SendData
                0x0000000000000000        0x4 ./SRC/ch32v00x_spi.o
 .text.SPI_I2S_ReceiveData
                0x0000000000000000        0x4 ./SRC/ch32v00x_spi.o
 .text.SPI_NSSInternalSoftwareConfig
                0x0000000000000000       0x24 ./SRC/ch32v00x_spi.o
 .text.SPI_SSOutputCmd
                0x0000000000000000       0x18 ./SRC/ch32v00x_spi.o
 .text.SPI_DataSizeConfig
                0x0000000000000000       0x14 ./SRC/ch32v00x_spi.o
 .text.SPI_TransmitCRC
                0x0000000000000000        0xa ./SRC/ch32v00x_spi.o
 .text.SPI_CalculateCRC
                0x0000000000000000       0x16 ./SRC/ch32v00x_spi.o
 .text.SPI_GetCRC
                0x0000000000000000       0x12 ./SRC/ch32v00x_spi.o
 .text.SPI_GetCRCPolynomial
                0x0000000000000000        0x4 ./SRC/ch32v00x_spi.o
 .text.SPI_BiDirectionalLineConfig
                0x0000000000000000       0x1a ./SRC/ch32v00x_spi.o
 .text.SPI_I2S_GetFlagStatus
                0x0000000000000000        0xa ./SRC/ch32v00x_spi.o
 .text.SPI_I2S_ClearFlag
                0x0000000000000000        0xc ./SRC/ch32v00x_spi.o
 .text.SPI_I2S_GetITStatus
                0x0000000000000000       0x28 ./SRC/ch32v00x_spi.o
 .text.SPI_I2S_ClearITPendingBit
                0x0000000000000000       0x14 ./SRC/ch32v00x_spi.o
 .debug_info    0x0000000000000000     0x10bc ./SRC/ch32v00x_spi.o
 .debug_abbrev  0x0000000000000000      0x303 ./SRC/ch32v00x_spi.o
 .debug_loc     0x0000000000000000      0x429 ./SRC/ch32v00x_spi.o
 .debug_aranges
                0x0000000000000000       0xb8 ./SRC/ch32v00x_spi.o
 .debug_ranges  0x0000000000000000       0xa8 ./SRC/ch32v00x_spi.o
 .debug_line    0x0000000000000000      0x9fd ./SRC/ch32v00x_spi.o
 .debug_str     0x0000000000000000      0x9b1 ./SRC/ch32v00x_spi.o
 .comment       0x0000000000000000       0x34 ./SRC/ch32v00x_spi.o
 .debug_frame   0x0000000000000000      0x15c ./SRC/ch32v00x_spi.o
 .text          0x0000000000000000        0x0 ./SRC/ch32v00x_tim.o
 .data          0x0000000000000000        0x0 ./SRC/ch32v00x_tim.o
 .bss           0x0000000000000000        0x0 ./SRC/ch32v00x_tim.o
 .text.TI1_Config
                0x0000000000000000       0x5a ./SRC/ch32v00x_tim.o
 .text.TI2_Config
                0x0000000000000000       0x70 ./SRC/ch32v00x_tim.o
 .text.TIM_DeInit
                0x0000000000000000       0x5c ./SRC/ch32v00x_tim.o
 .text.TIM_OC1Init
                0x0000000000000000       0x6a ./SRC/ch32v00x_tim.o
 .text.TIM_OC3Init
                0x0000000000000000       0x94 ./SRC/ch32v00x_tim.o
 .text.TIM_OC4Init
                0x0000000000000000       0x6e ./SRC/ch32v00x_tim.o
 .text.TIM_BDTRConfig
                0x0000000000000000       0x20 ./SRC/ch32v00x_tim.o
 .text.TIM_TimeBaseStructInit
                0x0000000000000000       0x10 ./SRC/ch32v00x_tim.o
 .text.TIM_OCStructInit
                0x0000000000000000       0x12 ./SRC/ch32v00x_tim.o
 .text.TIM_ICStructInit
                0x0000000000000000        0xe ./SRC/ch32v00x_tim.o
 .text.TIM_BDTRStructInit
                0x0000000000000000       0x12 ./SRC/ch32v00x_tim.o
 .text.TIM_ITConfig
                0x0000000000000000       0x12 ./SRC/ch32v00x_tim.o
 .text.TIM_GenerateEvent
                0x0000000000000000        0x4 ./SRC/ch32v00x_tim.o
 .text.TIM_DMAConfig
                0x0000000000000000        0x8 ./SRC/ch32v00x_tim.o
 .text.TIM_DMACmd
                0x0000000000000000       0x18 ./SRC/ch32v00x_tim.o
 .text.TIM_InternalClockConfig
                0x0000000000000000       0x10 ./SRC/ch32v00x_tim.o
 .text.TIM_ITRxExternalClockConfig
                0x0000000000000000       0x18 ./SRC/ch32v00x_tim.o
 .text.TIM_TIxExternalClockConfig
                0x0000000000000000       0x48 ./SRC/ch32v00x_tim.o
 .text.TIM_ETRConfig
                0x0000000000000000       0x16 ./SRC/ch32v00x_tim.o
 .text.TIM_ETRClockMode1Config
                0x0000000000000000       0x2a ./SRC/ch32v00x_tim.o
 .text.TIM_ETRClockMode2Config
                0x0000000000000000       0x22 ./SRC/ch32v00x_tim.o
 .text.TIM_CounterModeConfig
                0x0000000000000000       0x10 ./SRC/ch32v00x_tim.o
 .text.TIM_SelectInputTrigger
                0x0000000000000000       0x10 ./SRC/ch32v00x_tim.o
 .text.TIM_EncoderInterfaceConfig
                0x0000000000000000       0x3c ./SRC/ch32v00x_tim.o
 .text.TIM_ForcedOC1Config
                0x0000000000000000       0x10 ./SRC/ch32v00x_tim.o
 .text.TIM_ForcedOC2Config
                0x0000000000000000       0x14 ./SRC/ch32v00x_tim.o
 .text.TIM_ForcedOC3Config
                0x0000000000000000       0x10 ./SRC/ch32v00x_tim.o
 .text.TIM_ForcedOC4Config
                0x0000000000000000       0x14 ./SRC/ch32v00x_tim.o
 .text.TIM_SelectCOM
                0x0000000000000000       0x18 ./SRC/ch32v00x_tim.o
 .text.TIM_SelectCCDMA
                0x0000000000000000       0x18 ./SRC/ch32v00x_tim.o
 .text.TIM_CCPreloadControl
                0x0000000000000000       0x18 ./SRC/ch32v00x_tim.o
 .text.TIM_OC1PreloadConfig
                0x0000000000000000        0xe ./SRC/ch32v00x_tim.o
 .text.TIM_OC3PreloadConfig
                0x0000000000000000        0xe ./SRC/ch32v00x_tim.o
 .text.TIM_OC4PreloadConfig
                0x0000000000000000       0x16 ./SRC/ch32v00x_tim.o
 .text.TIM_OC1FastConfig
                0x0000000000000000        0xe ./SRC/ch32v00x_tim.o
 .text.TIM_OC2FastConfig
                0x0000000000000000       0x16 ./SRC/ch32v00x_tim.o
 .text.TIM_OC3FastConfig
                0x0000000000000000        0xe ./SRC/ch32v00x_tim.o
 .text.TIM_OC4FastConfig
                0x0000000000000000       0x16 ./SRC/ch32v00x_tim.o
 .text.TIM_ClearOC1Ref
                0x0000000000000000       0x10 ./SRC/ch32v00x_tim.o
 .text.TIM_ClearOC2Ref
                0x0000000000000000       0x12 ./SRC/ch32v00x_tim.o
 .text.TIM_ClearOC3Ref
                0x0000000000000000       0x10 ./SRC/ch32v00x_tim.o
 .text.TIM_ClearOC4Ref
                0x0000000000000000       0x12 ./SRC/ch32v00x_tim.o
 .text.TIM_OC1PolarityConfig
                0x0000000000000000        0xe ./SRC/ch32v00x_tim.o
 .text.TIM_OC1NPolarityConfig
                0x0000000000000000        0xe ./SRC/ch32v00x_tim.o
 .text.TIM_OC2PolarityConfig
                0x0000000000000000       0x16 ./SRC/ch32v00x_tim.o
 .text.TIM_OC2NPolarityConfig
                0x0000000000000000       0x16 ./SRC/ch32v00x_tim.o
 .text.TIM_OC3PolarityConfig
                0x0000000000000000       0x16 ./SRC/ch32v00x_tim.o
 .text.TIM_OC3NPolarityConfig
                0x0000000000000000       0x16 ./SRC/ch32v00x_tim.o
 .text.TIM_OC4PolarityConfig
                0x0000000000000000       0x14 ./SRC/ch32v00x_tim.o
 .text.TIM_CCxCmd
                0x0000000000000000       0x20 ./SRC/ch32v00x_tim.o
 .text.TIM_CCxNCmd
                0x0000000000000000       0x20 ./SRC/ch32v00x_tim.o
 .text.TIM_SelectOCxM
                0x0000000000000000       0x4c ./SRC/ch32v00x_tim.o
 .text.TIM_UpdateDisableConfig
                0x0000000000000000       0x18 ./SRC/ch32v00x_tim.o
 .text.TIM_UpdateRequestConfig
                0x0000000000000000       0x18 ./SRC/ch32v00x_tim.o
 .text.TIM_SelectHallSensor
                0x0000000000000000       0x1a ./SRC/ch32v00x_tim.o
 .text.TIM_SelectOnePulseMode
                0x0000000000000000       0x16 ./SRC/ch32v00x_tim.o
 .text.TIM_SelectOutputTrigger
                0x0000000000000000       0x18 ./SRC/ch32v00x_tim.o
 .text.TIM_SelectSlaveMode
                0x0000000000000000       0x16 ./SRC/ch32v00x_tim.o
 .text.TIM_SelectMasterSlaveMode
                0x0000000000000000       0x18 ./SRC/ch32v00x_tim.o
 .text.TIM_SetCounter
                0x0000000000000000        0x4 ./SRC/ch32v00x_tim.o
 .text.TIM_SetAutoreload
                0x0000000000000000        0x4 ./SRC/ch32v00x_tim.o
 .text.TIM_SetCompare1
                0x0000000000000000        0x4 ./SRC/ch32v00x_tim.o
 .text.TIM_SetCompare3
                0x0000000000000000        0x4 ./SRC/ch32v00x_tim.o
 .text.TIM_SetCompare4
                0x0000000000000000        0x4 ./SRC/ch32v00x_tim.o
 .text.TIM_SetIC1Prescaler
                0x0000000000000000       0x16 ./SRC/ch32v00x_tim.o
 .text.TIM_SetIC2Prescaler
                0x0000000000000000       0x1a ./SRC/ch32v00x_tim.o
 .text.TIM_PWMIConfig
                0x0000000000000000       0xa4 ./SRC/ch32v00x_tim.o
 .text.TIM_SetIC3Prescaler
                0x0000000000000000       0x16 ./SRC/ch32v00x_tim.o
 .text.TIM_SetIC4Prescaler
                0x0000000000000000       0x1a ./SRC/ch32v00x_tim.o
 .text.TIM_ICInit
                0x0000000000000000      0x148 ./SRC/ch32v00x_tim.o
 .text.TIM_SetClockDivision
                0x0000000000000000       0x18 ./SRC/ch32v00x_tim.o
 .text.TIM_GetCapture1
                0x0000000000000000        0x8 ./SRC/ch32v00x_tim.o
 .text.TIM_GetCapture2
                0x0000000000000000        0x8 ./SRC/ch32v00x_tim.o
 .text.TIM_GetCapture3
                0x0000000000000000        0x8 ./SRC/ch32v00x_tim.o
 .text.TIM_GetCapture4
                0x0000000000000000        0x8 ./SRC/ch32v00x_tim.o
 .text.TIM_GetCounter
                0x0000000000000000        0x4 ./SRC/ch32v00x_tim.o
 .text.TIM_GetPrescaler
                0x0000000000000000        0x4 ./SRC/ch32v00x_tim.o
 .text.TIM_GetFlagStatus
                0x0000000000000000        0xa ./SRC/ch32v00x_tim.o
 .text.TIM_ClearFlag
                0x0000000000000000        0xc ./SRC/ch32v00x_tim.o
 .text.TIM_GetITStatus
                0x0000000000000000       0x18 ./SRC/ch32v00x_tim.o
 .text.TIM_ClearITPendingBit
                0x0000000000000000        0xc ./SRC/ch32v00x_tim.o
 .text.TIM_IndicateCaptureLevelCmd
                0x0000000000000000       0x12 ./SRC/ch32v00x_tim.o
 .text          0x0000000000000000        0x0 ./SRC/ch32v00x_usart.o
 .data          0x0000000000000000        0x0 ./SRC/ch32v00x_usart.o
 .bss           0x0000000000000000        0x0 ./SRC/ch32v00x_usart.o
 .text.USART_DeInit
                0x0000000000000000       0x36 ./SRC/ch32v00x_usart.o
 .text.USART_StructInit
                0x0000000000000000       0x18 ./SRC/ch32v00x_usart.o
 .text.USART_ClockInit
                0x0000000000000000       0x1e ./SRC/ch32v00x_usart.o
 .text.USART_ClockStructInit
                0x0000000000000000        0xa ./SRC/ch32v00x_usart.o
 .text.USART_ITConfig
                0x0000000000000000       0x36 ./SRC/ch32v00x_usart.o
 .text.USART_DMACmd
                0x0000000000000000       0x12 ./SRC/ch32v00x_usart.o
 .text.USART_SetAddress
                0x0000000000000000       0x16 ./SRC/ch32v00x_usart.o
 .text.USART_WakeUpConfig
                0x0000000000000000       0x14 ./SRC/ch32v00x_usart.o
 .text.USART_ReceiverWakeUpCmd
                0x0000000000000000       0x18 ./SRC/ch32v00x_usart.o
 .text.USART_LINBreakDetectLengthConfig
                0x0000000000000000       0x18 ./SRC/ch32v00x_usart.o
 .text.USART_LINCmd
                0x0000000000000000       0x16 ./SRC/ch32v00x_usart.o
 .text.USART_ReceiveData
                0x0000000000000000        0x8 ./SRC/ch32v00x_usart.o
 .text.USART_SendBreak
                0x0000000000000000        0xa ./SRC/ch32v00x_usart.o
 .text.USART_SetGuardTime
                0x0000000000000000       0x12 ./SRC/ch32v00x_usart.o
 .text.USART_SetPrescaler
                0x0000000000000000       0x18 ./SRC/ch32v00x_usart.o
 .text.USART_SmartCardCmd
                0x0000000000000000       0x1a ./SRC/ch32v00x_usart.o
 .text.USART_SmartCardNACKCmd
                0x0000000000000000       0x18 ./SRC/ch32v00x_usart.o
 .text.USART_HalfDuplexCmd
                0x0000000000000000       0x18 ./SRC/ch32v00x_usart.o
 .text.USART_OverSampling8Cmd
                0x0000000000000000       0x12 ./SRC/ch32v00x_usart.o
 .text.USART_OneBitMethodCmd
                0x0000000000000000       0x1e ./SRC/ch32v00x_usart.o
 .text.USART_IrDAConfig
                0x0000000000000000       0x16 ./SRC/ch32v00x_usart.o
 .text.USART_IrDACmd
                0x0000000000000000       0x18 ./SRC/ch32v00x_usart.o
 .text.USART_ClearFlag
                0x0000000000000000        0xc ./SRC/ch32v00x_usart.o
 .text.USART_GetITStatus
                0x0000000000000000       0x3c ./SRC/ch32v00x_usart.o
 .text.USART_ClearITPendingBit
                0x0000000000000000       0x14 ./SRC/ch32v00x_usart.o
 .text          0x0000000000000000        0x0 ./SRC/ch32v00x_wwdg.o
 .data          0x0000000000000000        0x0 ./SRC/ch32v00x_wwdg.o
 .bss           0x0000000000000000        0x0 ./SRC/ch32v00x_wwdg.o
 .text.WWDG_DeInit
                0x0000000000000000       0x2e ./SRC/ch32v00x_wwdg.o
 .text.WWDG_SetPrescaler
                0x0000000000000000       0x14 ./SRC/ch32v00x_wwdg.o
 .text.WWDG_SetWindowValue
                0x0000000000000000       0x26 ./SRC/ch32v00x_wwdg.o
 .text.WWDG_EnableIT
                0x0000000000000000       0x12 ./SRC/ch32v00x_wwdg.o
 .text.WWDG_SetCounter
                0x0000000000000000        0xe ./SRC/ch32v00x_wwdg.o
 .text.WWDG_Enable
                0x0000000000000000        0xe ./SRC/ch32v00x_wwdg.o
 .text.WWDG_GetFlagStatus
                0x0000000000000000        0xa ./SRC/ch32v00x_wwdg.o
 .text.WWDG_ClearFlag
                0x0000000000000000        0xa ./SRC/ch32v00x_wwdg.o
 .debug_info    0x0000000000000000      0xb93 ./SRC/ch32v00x_wwdg.o
 .debug_abbrev  0x0000000000000000      0x29d ./SRC/ch32v00x_wwdg.o
 .debug_loc     0x0000000000000000       0xae ./SRC/ch32v00x_wwdg.o
 .debug_aranges
                0x0000000000000000       0x58 ./SRC/ch32v00x_wwdg.o
 .debug_ranges  0x0000000000000000       0x48 ./SRC/ch32v00x_wwdg.o
 .debug_line    0x0000000000000000      0x4ef ./SRC/ch32v00x_wwdg.o
 .debug_str     0x0000000000000000      0x73e ./SRC/ch32v00x_wwdg.o
 .comment       0x0000000000000000       0x34 ./SRC/ch32v00x_wwdg.o
 .debug_frame   0x0000000000000000       0xa4 ./SRC/ch32v00x_wwdg.o
 .text          0x0000000000000000        0x0 ./SRC/core_riscv.o
 .data          0x0000000000000000        0x0 ./SRC/core_riscv.o
 .bss           0x0000000000000000        0x0 ./SRC/core_riscv.o
 .text.__get_MSTATUS
                0x0000000000000000        0x6 ./SRC/core_riscv.o
 .text.__set_MSTATUS
                0x0000000000000000        0x6 ./SRC/core_riscv.o
 .text.__get_MISA
                0x0000000000000000        0x6 ./SRC/core_riscv.o
 .text.__set_MISA
                0x0000000000000000        0x6 ./SRC/core_riscv.o
 .text.__get_MTVEC
                0x0000000000000000        0x6 ./SRC/core_riscv.o
 .text.__set_MTVEC
                0x0000000000000000        0x6 ./SRC/core_riscv.o
 .text.__get_MSCRATCH
                0x0000000000000000        0x6 ./SRC/core_riscv.o
 .text.__set_MSCRATCH
                0x0000000000000000        0x6 ./SRC/core_riscv.o
 .text.__get_MEPC
                0x0000000000000000        0x6 ./SRC/core_riscv.o
 .text.__set_MEPC
                0x0000000000000000        0x6 ./SRC/core_riscv.o
 .text.__get_MCAUSE
                0x0000000000000000        0x6 ./SRC/core_riscv.o
 .text.__set_MCAUSE
                0x0000000000000000        0x6 ./SRC/core_riscv.o
 .text.__get_MVENDORID
                0x0000000000000000        0x6 ./SRC/core_riscv.o
 .text.__get_MARCHID
                0x0000000000000000        0x6 ./SRC/core_riscv.o
 .text.__get_MIMPID
                0x0000000000000000        0x6 ./SRC/core_riscv.o
 .text.__get_MHARTID
                0x0000000000000000        0x6 ./SRC/core_riscv.o
 .text.__get_SP
                0x0000000000000000        0x4 ./SRC/core_riscv.o
 .text          0x0000000000000000        0x0 ./SRC/debug.o
 .data          0x0000000000000000        0x0 ./SRC/debug.o
 .bss           0x0000000000000000        0x0 ./SRC/debug.o
 .text.Delay_Us
                0x0000000000000000       0x4a ./SRC/debug.o
 .text.SDI_Printf_Enable
                0x0000000000000000       0x2a ./SRC/debug.o
 .text._sbrk    0x0000000000000000       0x2e ./SRC/debug.o
 .data.curbrk.4229
                0x0000000000000000        0x4 ./SRC/debug.o
 .text          0x0000000000000000        0x0 ./SRC/startup_ch32v00x.o
 .data          0x0000000000000000        0x0 ./SRC/startup_ch32v00x.o
 .bss           0x0000000000000000        0x0 ./SRC/startup_ch32v00x.o
 .text          0x0000000000000000        0x0 c:/mounriver/mounriver_studio2/resources/app/resources/win32/components/wch/toolchain/risc-v embedded gcc/bin/../lib/gcc/riscv-none-embed/8.2.0/../../../../riscv-none-embed/lib/rv32ecxw/ilp32e\libprintf.a(wchprintf.o)
 .data          0x0000000000000000        0x0 c:/mounriver/mounriver_studio2/resources/app/resources/win32/components/wch/toolchain/risc-v embedded gcc/bin/../lib/gcc/riscv-none-embed/8.2.0/../../../../riscv-none-embed/lib/rv32ecxw/ilp32e\libprintf.a(wchprintf.o)
 .bss           0x0000000000000000        0x0 c:/mounriver/mounriver_studio2/resources/app/resources/win32/components/wch/toolchain/risc-v embedded gcc/bin/../lib/gcc/riscv-none-embed/8.2.0/../../../../riscv-none-embed/lib/rv32ecxw/ilp32e\libprintf.a(wchprintf.o)
 .text.sprintf  0x0000000000000000       0x2c c:/mounriver/mounriver_studio2/resources/app/resources/win32/components/wch/toolchain/risc-v embedded gcc/bin/../lib/gcc/riscv-none-embed/8.2.0/../../../../riscv-none-embed/lib/rv32ecxw/ilp32e\libprintf.a(wchprintf.o)
 .text.snprintf
                0x0000000000000000       0x2e c:/mounriver/mounriver_studio2/resources/app/resources/win32/components/wch/toolchain/risc-v embedded gcc/bin/../lib/gcc/riscv-none-embed/8.2.0/../../../../riscv-none-embed/lib/rv32ecxw/ilp32e\libprintf.a(wchprintf.o)
 .text.putchar  0x0000000000000000       0x1c c:/mounriver/mounriver_studio2/resources/app/resources/win32/components/wch/toolchain/risc-v embedded gcc/bin/../lib/gcc/riscv-none-embed/8.2.0/../../../../riscv-none-embed/lib/rv32ecxw/ilp32e\libprintf.a(wchprintf.o)
 .data          0x0000000000000000        0x0 c:/mounriver/mounriver_studio2/resources/app/resources/win32/components/wch/toolchain/risc-v embedded gcc/bin/../lib/gcc/riscv-none-embed/8.2.0/rv32ecxw/ilp32e\libgcc.a(save-restore.o)
 .bss           0x0000000000000000        0x0 c:/mounriver/mounriver_studio2/resources/app/resources/win32/components/wch/toolchain/risc-v embedded gcc/bin/../lib/gcc/riscv-none-embed/8.2.0/rv32ecxw/ilp32e\libgcc.a(save-restore.o)
 .eh_frame      0x0000000000000000       0x68 c:/mounriver/mounriver_studio2/resources/app/resources/win32/components/wch/toolchain/risc-v embedded gcc/bin/../lib/gcc/riscv-none-embed/8.2.0/rv32ecxw/ilp32e\libgcc.a(save-restore.o)
 .data          0x0000000000000000        0x0 c:/mounriver/mounriver_studio2/resources/app/resources/win32/components/wch/toolchain/risc-v embedded gcc/bin/../lib/gcc/riscv-none-embed/8.2.0/rv32ecxw/ilp32e\libgcc.a(muldi3.o)
 .bss           0x0000000000000000        0x0 c:/mounriver/mounriver_studio2/resources/app/resources/win32/components/wch/toolchain/risc-v embedded gcc/bin/../lib/gcc/riscv-none-embed/8.2.0/rv32ecxw/ilp32e\libgcc.a(muldi3.o)
 .data          0x0000000000000000        0x0 c:/mounriver/mounriver_studio2/resources/app/resources/win32/components/wch/toolchain/risc-v embedded gcc/bin/../lib/gcc/riscv-none-embed/8.2.0/rv32ecxw/ilp32e\libgcc.a(div.o)
 .bss           0x0000000000000000        0x0 c:/mounriver/mounriver_studio2/resources/app/resources/win32/components/wch/toolchain/risc-v embedded gcc/bin/../lib/gcc/riscv-none-embed/8.2.0/rv32ecxw/ilp32e\libgcc.a(div.o)
 .data          0x0000000000000000        0x0 c:/mounriver/mounriver_studio2/resources/app/resources/win32/components/wch/toolchain/risc-v embedded gcc/bin/../lib/gcc/riscv-none-embed/8.2.0/../../../../riscv-none-embed/lib/rv32ecxw/ilp32e\libg_nano.a(lib_a-memset.o)
 .bss           0x0000000000000000        0x0 c:/mounriver/mounriver_studio2/resources/app/resources/win32/components/wch/toolchain/risc-v embedded gcc/bin/../lib/gcc/riscv-none-embed/8.2.0/../../../../riscv-none-embed/lib/rv32ecxw/ilp32e\libg_nano.a(lib_a-memset.o)

Memory Configuration

Name             Origin             Length             Attributes
FLASH            0x0000000000000000 0x0000000000003c00 xr
RAM              0x0000000020000000 0x0000000000000800 xrw
*default*        0x0000000000000000 0xffffffffffffffff

Linker script and memory map

LOAD ./User/adc.o
LOAD ./User/buzzer.o
LOAD ./User/ch32v00x_it.o
LOAD ./User/init.o
LOAD ./User/main.o
LOAD ./User/motor.o
LOAD ./User/screens.o
LOAD ./User/system_ch32v00x.o
LOAD ./SRC/ch32v00x_adc.o
LOAD ./SRC/ch32v00x_dbgmcu.o
LOAD ./SRC/ch32v00x_dma.o
LOAD ./SRC/ch32v00x_exti.o
LOAD ./SRC/ch32v00x_flash.o
LOAD ./SRC/ch32v00x_gpio.o
LOAD ./SRC/ch32v00x_i2c.o
LOAD ./SRC/ch32v00x_iwdg.o
LOAD ./SRC/ch32v00x_misc.o
LOAD ./SRC/ch32v00x_opa.o
LOAD ./SRC/ch32v00x_pwr.o
LOAD ./SRC/ch32v00x_rcc.o
LOAD ./SRC/ch32v00x_spi.o
LOAD ./SRC/ch32v00x_tim.o
LOAD ./SRC/ch32v00x_usart.o
LOAD ./SRC/ch32v00x_wwdg.o
LOAD ./SRC/core_riscv.o
LOAD ./SRC/debug.o
LOAD ./SRC/startup_ch32v00x.o
LOAD c:/mounriver/mounriver_studio2/resources/app/resources/win32/components/wch/toolchain/risc-v embedded gcc/bin/../lib/gcc/riscv-none-embed/8.2.0/../../../../riscv-none-embed/lib/rv32ecxw/ilp32e\libprintf.a
LOAD c:/mounriver/mounriver_studio2/resources/app/resources/win32/components/wch/toolchain/risc-v embedded gcc/bin/../lib/gcc/riscv-none-embed/8.2.0/../../../../riscv-none-embed/lib/rv32ecxw/ilp32e\libstdc++_nano.a
LOAD c:/mounriver/mounriver_studio2/resources/app/resources/win32/components/wch/toolchain/risc-v embedded gcc/bin/../lib/gcc/riscv-none-embed/8.2.0/../../../../riscv-none-embed/lib/rv32ecxw/ilp32e\libm.a
LOAD c:/mounriver/mounriver_studio2/resources/app/resources/win32/components/wch/toolchain/risc-v embedded gcc/bin/../lib/gcc/riscv-none-embed/8.2.0/rv32ecxw/ilp32e\libgcc.a
LOAD c:/mounriver/mounriver_studio2/resources/app/resources/win32/components/wch/toolchain/risc-v embedded gcc/bin/../lib/gcc/riscv-none-embed/8.2.0/../../../../riscv-none-embed/lib/rv32ecxw/ilp32e\libg_nano.a
LOAD c:/mounriver/mounriver_studio2/resources/app/resources/win32/components/wch/toolchain/risc-v embedded gcc/bin/../lib/gcc/riscv-none-embed/8.2.0/../../../../riscv-none-embed/lib/rv32ecxw/ilp32e\libc_nano.a
LOAD c:/mounriver/mounriver_studio2/resources/app/resources/win32/components/wch/toolchain/risc-v embedded gcc/bin/../lib/gcc/riscv-none-embed/8.2.0/rv32ecxw/ilp32e\libgcc.a
START GROUP
LOAD c:/mounriver/mounriver_studio2/resources/app/resources/win32/components/wch/toolchain/risc-v embedded gcc/bin/../lib/gcc/riscv-none-embed/8.2.0/rv32ecxw/ilp32e\libgcc.a
LOAD c:/mounriver/mounriver_studio2/resources/app/resources/win32/components/wch/toolchain/risc-v embedded gcc/bin/../lib/gcc/riscv-none-embed/8.2.0/../../../../riscv-none-embed/lib/rv32ecxw/ilp32e\libc_nano.a
LOAD c:/mounriver/mounriver_studio2/resources/app/resources/win32/components/wch/toolchain/risc-v embedded gcc/bin/../lib/gcc/riscv-none-embed/8.2.0/../../../../riscv-none-embed/lib/rv32ecxw/ilp32e\libnosys.a
END GROUP
START GROUP
LOAD c:/mounriver/mounriver_studio2/resources/app/resources/win32/components/wch/toolchain/risc-v embedded gcc/bin/../lib/gcc/riscv-none-embed/8.2.0/rv32ecxw/ilp32e\libgcc.a
LOAD c:/mounriver/mounriver_studio2/resources/app/resources/win32/components/wch/toolchain/risc-v embedded gcc/bin/../lib/gcc/riscv-none-embed/8.2.0/../../../../riscv-none-embed/lib/rv32ecxw/ilp32e\libc_nano.a
LOAD c:/mounriver/mounriver_studio2/resources/app/resources/win32/components/wch/toolchain/risc-v embedded gcc/bin/../lib/gcc/riscv-none-embed/8.2.0/../../../../riscv-none-embed/lib/rv32ecxw/ilp32e\libnosys.a
END GROUP
                0x0000000000000100                __stack_size = 0x100
                [!provide]                        PROVIDE (_stack_size = __stack_size)

.init           0x0000000000000000       0xa0
                0x0000000000000000                _sinit = .
                0x0000000000000000                . = ALIGN (0x4)
 *(SORT_NONE(.init))
 .init          0x0000000000000000       0x9e ./SRC/startup_ch32v00x.o
                0x0000000000000000                _start
                0x00000000000000a0                . = ALIGN (0x4)
 *fill*         0x000000000000009e        0x2 
                0x00000000000000a0                _einit = .

.highcodelalign
                0x00000000000000a0        0x0
                0x00000000000000a0                . = ALIGN (0x4)
                0x00000000000000a0                PROVIDE (_highcode_lma = .)

.highcode       0x0000000020000000        0xc load address 0x00000000000000a0
                0x0000000020000000                . = ALIGN (0x4)
                0x0000000020000000                PROVIDE (_highcode_vma_start = .)
 *(.highcode)
 .highcode      0x0000000020000000        0xa ./SRC/core_riscv.o
                0x0000000020000000                WFE
 *(.highcode.*)
                0x000000002000000c                . = ALIGN (0x4)
 *fill*         0x000000002000000a        0x2 
                0x000000002000000c                PROVIDE (_highcode_vma_end = .)

.text           0x00000000000000ac     0x2994
                0x00000000000000ac                . = ALIGN (0x4)
 *(.text)
 .text          0x00000000000000ac       0x14 c:/mounriver/mounriver_studio2/resources/app/resources/win32/components/wch/toolchain/risc-v embedded gcc/bin/../lib/gcc/riscv-none-embed/8.2.0/rv32ecxw/ilp32e\libgcc.a(save-restore.o)
                0x00000000000000ac                __riscv_save_1
                0x00000000000000ac                __riscv_save_2
                0x00000000000000ac                __riscv_save_0
                0x00000000000000b6                __riscv_restore_0
                0x00000000000000b6                __riscv_restore_1
                0x00000000000000b6                __riscv_restore_2
 .text          0x00000000000000c0       0x16 c:/mounriver/mounriver_studio2/resources/app/resources/win32/components/wch/toolchain/risc-v embedded gcc/bin/../lib/gcc/riscv-none-embed/8.2.0/rv32ecxw/ilp32e\libgcc.a(muldi3.o)
                0x00000000000000c0                __mulsi3
 *fill*         0x00000000000000d6        0x2 
 .text          0x00000000000000d8       0x7e c:/mounriver/mounriver_studio2/resources/app/resources/win32/components/wch/toolchain/risc-v embedded gcc/bin/../lib/gcc/riscv-none-embed/8.2.0/rv32ecxw/ilp32e\libgcc.a(div.o)
                0x00000000000000d8                __divsi3
                0x00000000000000e0                __udivsi3
                0x000000000000010c                __umodsi3
                0x0000000000000130                __modsi3
 .text          0x0000000000000156       0xa8 c:/mounriver/mounriver_studio2/resources/app/resources/win32/components/wch/toolchain/risc-v embedded gcc/bin/../lib/gcc/riscv-none-embed/8.2.0/../../../../riscv-none-embed/lib/rv32ecxw/ilp32e\libg_nano.a(lib_a-memset.o)
                0x0000000000000156                memset
 *(.text.*)
 .text.tone1.part.0
                0x00000000000001fe       0x1a ./User/buzzer.o
 .text.delayUsTone
                0x0000000000000218       0x2a ./User/buzzer.o
                0x0000000000000218                delayUsTone
 .text.tone1    0x0000000000000242       0x64 ./User/buzzer.o
                0x0000000000000242                tone1
 .text.tone1_vol
                0x00000000000002a6       0x92 ./User/buzzer.o
                0x00000000000002a6                tone1_vol
 .text.buzzer_ok
                0x0000000000000338       0x1a ./User/buzzer.o
                0x0000000000000338                buzzer_ok
 .text.buzzer_warning
                0x0000000000000352       0x10 ./User/buzzer.o
                0x0000000000000352                buzzer_warning
 .text.buzzer_click
                0x0000000000000362       0x10 ./User/buzzer.o
                0x0000000000000362                buzzer_click
 .text.buzzer_beepboop
                0x0000000000000372       0x1a ./User/buzzer.o
                0x0000000000000372                buzzer_beepboop
 .text.buzzer_ios_click
                0x000000000000038c        0xe ./User/buzzer.o
                0x000000000000038c                buzzer_ios_click
 .text.buzzer_startup
                0x000000000000039a       0x24 ./User/buzzer.o
                0x000000000000039a                buzzer_startup
 .text.buzzer_shutdown
                0x00000000000003be       0x24 ./User/buzzer.o
                0x00000000000003be                buzzer_shutdown
 .text.beep_Increment_Max
                0x00000000000003e2       0x40 ./User/buzzer.o
                0x00000000000003e2                beep_Increment_Max
 .text.beep_Decrement_Min
                0x0000000000000422       0x40 ./User/buzzer.o
                0x0000000000000422                beep_Decrement_Min
 .text.beep_Save
                0x0000000000000462       0x22 ./User/buzzer.o
                0x0000000000000462                beep_Save
 .text.NMI_Handler
                0x0000000000000484       0x12 ./User/ch32v00x_it.o
                0x0000000000000484                NMI_Handler
 .text.HardFault_Handler
                0x0000000000000496       0x20 ./User/ch32v00x_it.o
                0x0000000000000496                HardFault_Handler
 .text.SysTick_Handler
                0x00000000000004b6       0x26 ./User/ch32v00x_it.o
                0x00000000000004b6                SysTick_Handler
 .text.init     0x00000000000004dc      0x146 ./User/init.o
                0x00000000000004dc                init
 .text._ZN7uEeprom4initEttttPKc
                0x0000000000000622       0xb8 ./User/main.o
                0x0000000000000622                uEeprom::init(unsigned short, unsigned short, unsigned short, unsigned short, char const*)
 .text._Z3maplllll
                0x00000000000006da       0x2a ./User/main.o
                0x00000000000006da                map(long, long, long, long, long)
 .text._Z13EXTI_INT_INITv
                0x0000000000000704       0x38 ./User/main.o
                0x0000000000000704                EXTI_INT_INIT()
 .text._Z10userEEPROMv
                0x000000000000073c       0x9a ./User/main.o
                0x000000000000073c                userEEPROM()
 .text.gotoDeepSleep
                0x00000000000007d6       0xae ./User/main.o
                0x00000000000007d6                gotoDeepSleep
 .text._Z17ADC_SelectChannelh
                0x0000000000000884       0x1a ./User/main.o
                0x0000000000000884                ADC_SelectChannel(unsigned char)
 .text._Z15ADC_Read_SinglehPt
                0x000000000000089e       0x52 ./User/main.o
                0x000000000000089e                ADC_Read_Single(unsigned char, unsigned short*)
 .text.startup.main
                0x00000000000008f0      0x3c0 ./User/main.o
                0x00000000000008f0                main
 .text.startup._GLOBAL__sub_I_b
                0x0000000000000cb0       0x88 ./User/main.o
 .text._ZN3Pwm7disableEv.isra.2.part.3
                0x0000000000000d38       0x4a ./User/motor.o
 .text._ZN3Pwm14setDutyPercentEh
                0x0000000000000d82       0x48 ./User/motor.o
                0x0000000000000d82                Pwm::setDutyPercent(unsigned char)
 .text._ZN3Pwm12setFrequencyEmm
                0x0000000000000dca       0x46 ./User/motor.o
                0x0000000000000dca                Pwm::setFrequency(unsigned long, unsigned long)
 .text._Z10Motor_Initv
                0x0000000000000e10       0xf8 ./User/motor.o
                0x0000000000000e10                Motor_Init()
 .text.Motor_Stop
                0x0000000000000f08        0x8 ./User/motor.o
                0x0000000000000f08                Motor_Stop
 .text.Motor_Toggle
                0x0000000000000f10       0x14 ./User/motor.o
                0x0000000000000f10                Motor_Toggle
 .text.Motor_isStop
                0x0000000000000f24        0xa ./User/motor.o
                0x0000000000000f24                Motor_isStop
 .text.Motor_Tick
                0x0000000000000f2e      0x18e ./User/motor.o
                0x0000000000000f2e                Motor_Tick
 .text._Z14Motor_SetPowerh
                0x00000000000010bc       0x1e ./User/motor.o
                0x00000000000010bc                Motor_SetPower(unsigned char)
 .text.startup._GLOBAL__sub_I_motorPwm
                0x00000000000010da       0x14 ./User/motor.o
 .text._ZN7uEeprom3setEt
                0x00000000000010ee       0x1a ./User/screens.o
                0x00000000000010ee                uEeprom::set(unsigned short)
 .text._ZN7uEeprom4saveEv
                0x0000000000001108       0xb0 ./User/screens.o
                0x0000000000001108                uEeprom::save()
 .text._Z4beepi
                0x00000000000011b8       0x40 ./User/screens.o
                0x00000000000011b8                beep(int)
 .text.ScreenNormal
                0x00000000000011f8      0x13a ./User/screens.o
                0x00000000000011f8                ScreenNormal
 .text._Z9uniScreenP7uEepromPch
                0x0000000000001332      0x160 ./User/screens.o
                0x0000000000001332                uniScreen(uEeprom*, char*, unsigned char)
 .text.ScreenBoostEnable
                0x0000000000001492       0xc4 ./User/screens.o
                0x0000000000001492                ScreenBoostEnable
 .text.ScreenBoostPower
                0x0000000000001556       0x1a ./User/screens.o
                0x0000000000001556                ScreenBoostPower
 .text.ScreenBoostTime
                0x0000000000001570       0x1c ./User/screens.o
                0x0000000000001570                ScreenBoostTime
 .text.SystemInit
                0x000000000000158c       0x8c ./User/system_ch32v00x.o
                0x000000000000158c                SystemInit
 .text.SystemCoreClockUpdate
                0x0000000000001618       0x6c ./User/system_ch32v00x.o
                0x0000000000001618                SystemCoreClockUpdate
 .text.ADC_DeInit
                0x0000000000001684       0x26 ./SRC/ch32v00x_adc.o
                0x0000000000001684                ADC_DeInit
 .text.ADC_Init
                0x00000000000016aa       0x4e ./SRC/ch32v00x_adc.o
                0x00000000000016aa                ADC_Init
 .text.ADC_Cmd  0x00000000000016f8       0x10 ./SRC/ch32v00x_adc.o
                0x00000000000016f8                ADC_Cmd
 .text.ADC_ResetCalibration
                0x0000000000001708        0xa ./SRC/ch32v00x_adc.o
                0x0000000000001708                ADC_ResetCalibration
 .text.ADC_GetResetCalibrationStatus
                0x0000000000001712        0x8 ./SRC/ch32v00x_adc.o
                0x0000000000001712                ADC_GetResetCalibrationStatus
 .text.ADC_StartCalibration
                0x000000000000171a        0xa ./SRC/ch32v00x_adc.o
                0x000000000000171a                ADC_StartCalibration
 .text.ADC_GetCalibrationStatus
                0x0000000000001724        0x8 ./SRC/ch32v00x_adc.o
                0x0000000000001724                ADC_GetCalibrationStatus
 .text.ADC_SoftwareStartConvCmd
                0x000000000000172c       0x18 ./SRC/ch32v00x_adc.o
                0x000000000000172c                ADC_SoftwareStartConvCmd
 .text.ADC_RegularChannelConfig
                0x0000000000001744       0xba ./SRC/ch32v00x_adc.o
                0x0000000000001744                ADC_RegularChannelConfig
 .text.ADC_GetConversionValue
                0x00000000000017fe        0x8 ./SRC/ch32v00x_adc.o
                0x00000000000017fe                ADC_GetConversionValue
 .text.ADC_GetFlagStatus
                0x0000000000001806        0xa ./SRC/ch32v00x_adc.o
                0x0000000000001806                ADC_GetFlagStatus
 .text.EXTI_Init
                0x0000000000001810       0x6a ./SRC/ch32v00x_exti.o
                0x0000000000001810                EXTI_Init
 .text.FLASH_Unlock
                0x000000000000187a       0x1a ./SRC/ch32v00x_flash.o
                0x000000000000187a                FLASH_Unlock
 .text.FLASH_Lock
                0x0000000000001894        0xe ./SRC/ch32v00x_flash.o
                0x0000000000001894                FLASH_Lock
 .text.FLASH_GetBank1Status
                0x00000000000018a2       0x18 ./SRC/ch32v00x_flash.o
                0x00000000000018a2                FLASH_GetBank1Status
 .text.FLASH_WaitForLastOperation
                0x00000000000018ba       0x20 ./SRC/ch32v00x_flash.o
                0x00000000000018ba                FLASH_WaitForLastOperation
 .text.FLASH_ProgramHalfWord
                0x00000000000018da       0x34 ./SRC/ch32v00x_flash.o
                0x00000000000018da                FLASH_ProgramHalfWord
 .text.FLASH_Unlock_Fast
                0x000000000000190e       0x1e ./SRC/ch32v00x_flash.o
                0x000000000000190e                FLASH_Unlock_Fast
 .text.FLASH_Lock_Fast
                0x000000000000192c        0xe ./SRC/ch32v00x_flash.o
                0x000000000000192c                FLASH_Lock_Fast
 .text.FLASH_ErasePage_Fast
                0x000000000000193a       0x36 ./SRC/ch32v00x_flash.o
                0x000000000000193a                FLASH_ErasePage_Fast
 .text.GPIO_Init
                0x0000000000001970       0x7c ./SRC/ch32v00x_gpio.o
                0x0000000000001970                GPIO_Init
 .text.GPIO_ReadInputDataBit
                0x00000000000019ec        0xa ./SRC/ch32v00x_gpio.o
                0x00000000000019ec                GPIO_ReadInputDataBit
 .text.GPIO_WriteBit
                0x00000000000019f6        0xa ./SRC/ch32v00x_gpio.o
                0x00000000000019f6                GPIO_WriteBit
 .text.GPIO_PinRemapConfig
                0x0000000000001a00       0xc4 ./SRC/ch32v00x_gpio.o
                0x0000000000001a00                GPIO_PinRemapConfig
 .text.GPIO_EXTILineConfig
                0x0000000000001ac4       0x22 ./SRC/ch32v00x_gpio.o
                0x0000000000001ac4                GPIO_EXTILineConfig
 .text.NVIC_PriorityGroupConfig
                0x0000000000001ae6        0x6 ./SRC/ch32v00x_misc.o
                0x0000000000001ae6                NVIC_PriorityGroupConfig
 .text.PWR_EnterSTANDBYMode
                0x0000000000001aec       0xf4 ./SRC/ch32v00x_pwr.o
                0x0000000000001aec                PWR_EnterSTANDBYMode
 .text.RCC_AdjustHSICalibrationValue
                0x0000000000001be0       0x12 ./SRC/ch32v00x_rcc.o
                0x0000000000001be0                RCC_AdjustHSICalibrationValue
 .text.RCC_ADCCLKConfig
                0x0000000000001bf2       0x14 ./SRC/ch32v00x_rcc.o
                0x0000000000001bf2                RCC_ADCCLKConfig
 .text.RCC_GetClocksFreq
                0x0000000000001c06       0xa2 ./SRC/ch32v00x_rcc.o
                0x0000000000001c06                RCC_GetClocksFreq
 .text.RCC_APB2PeriphClockCmd
                0x0000000000001ca8       0x1e ./SRC/ch32v00x_rcc.o
                0x0000000000001ca8                RCC_APB2PeriphClockCmd
 .text.RCC_APB1PeriphClockCmd
                0x0000000000001cc6       0x1e ./SRC/ch32v00x_rcc.o
                0x0000000000001cc6                RCC_APB1PeriphClockCmd
 .text.RCC_APB2PeriphResetCmd
                0x0000000000001ce4       0x1e ./SRC/ch32v00x_rcc.o
                0x0000000000001ce4                RCC_APB2PeriphResetCmd
 .text.TIM_TimeBaseInit
                0x0000000000001d02       0x4e ./SRC/ch32v00x_tim.o
                0x0000000000001d02                TIM_TimeBaseInit
 .text.TIM_OC2Init
                0x0000000000001d50       0x96 ./SRC/ch32v00x_tim.o
                0x0000000000001d50                TIM_OC2Init
 .text.TIM_Cmd  0x0000000000001de6       0x18 ./SRC/ch32v00x_tim.o
                0x0000000000001de6                TIM_Cmd
 .text.TIM_CtrlPWMOutputs
                0x0000000000001dfe       0x16 ./SRC/ch32v00x_tim.o
                0x0000000000001dfe                TIM_CtrlPWMOutputs
 .text.TIM_PrescalerConfig
                0x0000000000001e14        0x6 ./SRC/ch32v00x_tim.o
                0x0000000000001e14                TIM_PrescalerConfig
 .text.TIM_ARRPreloadConfig
                0x0000000000001e1a       0x1a ./SRC/ch32v00x_tim.o
                0x0000000000001e1a                TIM_ARRPreloadConfig
 .text.TIM_OC2PreloadConfig
                0x0000000000001e34       0x16 ./SRC/ch32v00x_tim.o
                0x0000000000001e34                TIM_OC2PreloadConfig
 .text.TIM_SetCompare2
                0x0000000000001e4a        0x4 ./SRC/ch32v00x_tim.o
                0x0000000000001e4a                TIM_SetCompare2
 .text.USART_Init
                0x0000000000001e4e       0xce ./SRC/ch32v00x_usart.o
                0x0000000000001e4e                USART_Init
 .text.USART_Cmd
                0x0000000000001f1c       0x16 ./SRC/ch32v00x_usart.o
                0x0000000000001f1c                USART_Cmd
 .text.USART_SendData
                0x0000000000001f32        0x8 ./SRC/ch32v00x_usart.o
                0x0000000000001f32                USART_SendData
 .text.USART_GetFlagStatus
                0x0000000000001f3a        0xa ./SRC/ch32v00x_usart.o
                0x0000000000001f3a                USART_GetFlagStatus
 .text.delay    0x0000000000001f44       0x72 ./SRC/debug.o
                0x0000000000001f44                delay
 .text.Delay_Init
                0x0000000000001fb6       0x34 ./SRC/debug.o
                0x0000000000001fb6                Delay_Init
 .text.Delay_Ms
                0x0000000000001fea       0x3a ./SRC/debug.o
                0x0000000000001fea                Delay_Ms
 .text.USART_Printf_Init
                0x0000000000002024       0x66 ./SRC/debug.o
                0x0000000000002024                USART_Printf_Init
 .text._write   0x000000000000208a       0x50 ./SRC/debug.o
                0x000000000000208a                _write
 .text.vector_handler
                0x00000000000020da        0x2 ./SRC/startup_ch32v00x.o
                0x00000000000020da                TIM1_CC_IRQHandler
                0x00000000000020da                PVD_IRQHandler
                0x00000000000020da                SPI1_IRQHandler
                0x00000000000020da                AWU_IRQHandler
                0x00000000000020da                EXTI7_0_IRQHandler
                0x00000000000020da                DMA1_Channel4_IRQHandler
                0x00000000000020da                ADC1_IRQHandler
                0x00000000000020da                DMA1_Channel7_IRQHandler
                0x00000000000020da                I2C1_EV_IRQHandler
                0x00000000000020da                DMA1_Channel6_IRQHandler
                0x00000000000020da                RCC_IRQHandler
                0x00000000000020da                TIM1_TRG_COM_IRQHandler
                0x00000000000020da                DMA1_Channel1_IRQHandler
                0x00000000000020da                DMA1_Channel5_IRQHandler
                0x00000000000020da                DMA1_Channel3_IRQHandler
                0x00000000000020da                TIM1_UP_IRQHandler
                0x00000000000020da                WWDG_IRQHandler
                0x00000000000020da                TIM2_IRQHandler
                0x00000000000020da                SW_Handler
                0x00000000000020da                TIM1_BRK_IRQHandler
                0x00000000000020da                DMA1_Channel2_IRQHandler
                0x00000000000020da                FLASH_IRQHandler
                0x00000000000020da                USART1_IRQHandler
                0x00000000000020da                I2C1_ER_IRQHandler
 .text.handle_reset
                0x00000000000020dc       0xb0 ./SRC/startup_ch32v00x.o
                0x00000000000020dc                handle_reset
 .text.printchar
                0x000000000000218c       0x4a c:/mounriver/mounriver_studio2/resources/app/resources/win32/components/wch/toolchain/risc-v embedded gcc/bin/../lib/gcc/riscv-none-embed/8.2.0/../../../../riscv-none-embed/lib/rv32ecxw/ilp32e\libprintf.a(wchprintf.o)
                0x000000000000218c                printchar
 .text.prints   0x00000000000021d6       0xee c:/mounriver/mounriver_studio2/resources/app/resources/win32/components/wch/toolchain/risc-v embedded gcc/bin/../lib/gcc/riscv-none-embed/8.2.0/../../../../riscv-none-embed/lib/rv32ecxw/ilp32e\libprintf.a(wchprintf.o)
                0x00000000000021d6                prints
 .text.printInt
                0x00000000000022c4      0x11a c:/mounriver/mounriver_studio2/resources/app/resources/win32/components/wch/toolchain/risc-v embedded gcc/bin/../lib/gcc/riscv-none-embed/8.2.0/../../../../riscv-none-embed/lib/rv32ecxw/ilp32e\libprintf.a(wchprintf.o)
                0x00000000000022c4                printInt
 .text.printLongLongInt
                0x00000000000023de        0x4 c:/mounriver/mounriver_studio2/resources/app/resources/win32/components/wch/toolchain/risc-v embedded gcc/bin/../lib/gcc/riscv-none-embed/8.2.0/../../../../riscv-none-embed/lib/rv32ecxw/ilp32e\libprintf.a(wchprintf.o)
                0x00000000000023de                printLongLongInt
 .text.printDouble
                0x00000000000023e2        0x4 c:/mounriver/mounriver_studio2/resources/app/resources/win32/components/wch/toolchain/risc-v embedded gcc/bin/../lib/gcc/riscv-none-embed/8.2.0/../../../../riscv-none-embed/lib/rv32ecxw/ilp32e\libprintf.a(wchprintf.o)
                0x00000000000023e2                printDouble
 .text.print    0x00000000000023e6      0x360 c:/mounriver/mounriver_studio2/resources/app/resources/win32/components/wch/toolchain/risc-v embedded gcc/bin/../lib/gcc/riscv-none-embed/8.2.0/../../../../riscv-none-embed/lib/rv32ecxw/ilp32e\libprintf.a(wchprintf.o)
                0x00000000000023e6                print
 .text.printf   0x0000000000002746       0x24 c:/mounriver/mounriver_studio2/resources/app/resources/win32/components/wch/toolchain/risc-v embedded gcc/bin/../lib/gcc/riscv-none-embed/8.2.0/../../../../riscv-none-embed/lib/rv32ecxw/ilp32e\libprintf.a(wchprintf.o)
                0x0000000000002746                printf
 .text.puts     0x000000000000276a       0x4a c:/mounriver/mounriver_studio2/resources/app/resources/win32/components/wch/toolchain/risc-v embedded gcc/bin/../lib/gcc/riscv-none-embed/8.2.0/../../../../riscv-none-embed/lib/rv32ecxw/ilp32e\libprintf.a(wchprintf.o)
                0x000000000000276a                puts
 *(.rodata)
 *(.rodata*)
 *fill*         0x00000000000027b4        0x0 
 .rodata.HardFault_Handler.str1.4
                0x00000000000027b4       0x13 ./User/ch32v00x_it.o
 *fill*         0x00000000000027c7        0x1 
 .rodata.NMI_Handler.str1.4
                0x00000000000027c8        0xd ./User/ch32v00x_it.o
 *fill*         0x00000000000027d5        0x3 
 .rodata.main   0x00000000000027d8       0x3c ./User/main.o
 .rodata._Z10userEEPROMv.str1.4
                0x0000000000002814       0x93 ./User/main.o
 *fill*         0x00000000000028a7        0x1 
 .rodata.gotoDeepSleep.str1.4
                0x00000000000028a8       0x26 ./User/main.o
 *fill*         0x00000000000028ce        0x2 
 .rodata.main.str1.4
                0x00000000000028d0       0xdc ./User/main.o
                                         0xf8 (size before relaxing)
 .rodata.ScreenBoostEnable.str1.4
                0x00000000000029ac        0xd ./User/screens.o
 *fill*         0x00000000000029b9        0x3 
 .rodata.ScreenBoostPower.str1.4
                0x00000000000029bc       0x11 ./User/screens.o
 *fill*         0x00000000000029cd        0x3 
 .rodata.ScreenBoostTime.str1.4
                0x00000000000029d0       0x10 ./User/screens.o
 .rodata.ScreenNormal.str1.4
                0x00000000000029e0        0x5 ./User/screens.o
 *fill*         0x00000000000029e5        0x3 
 .rodata._Z9uniScreenP7uEepromPch.str1.4
                0x00000000000029e8       0x50 ./User/screens.o
 .rodata.print.str1.4
                0x0000000000002a38        0x8 c:/mounriver/mounriver_studio2/resources/app/resources/win32/components/wch/toolchain/risc-v embedded gcc/bin/../lib/gcc/riscv-none-embed/8.2.0/../../../../riscv-none-embed/lib/rv32ecxw/ilp32e\libprintf.a(wchprintf.o)
                                          0x7 (size before relaxing)
 *(.gnu.linkonce.t.*)
                0x0000000000002a40                . = ALIGN (0x4)

.rela.dyn       0x0000000000002a40        0x0
 .rela.text._Z10userEEPROMv
                0x0000000000002a40        0x0 ./User/buzzer.o
 .rela.text.startup.main
                0x0000000000002a40        0x0 ./User/buzzer.o
 .rela.text._Z10Motor_Initv
                0x0000000000002a40        0x0 ./User/buzzer.o
 .rela.text.Motor_Tick
                0x0000000000002a40        0x0 ./User/buzzer.o
 .rela.text._Z14Motor_SetPowerh
                0x0000000000002a40        0x0 ./User/buzzer.o
 .rela.text._Z9uniScreenP7uEepromPch
                0x0000000000002a40        0x0 ./User/buzzer.o
 .rela.text.ScreenBoostEnable
                0x0000000000002a40        0x0 ./User/buzzer.o
 .rela.init     0x0000000000002a40        0x0 ./User/buzzer.o
 .rela.text.handle_reset
                0x0000000000002a40        0x0 ./User/buzzer.o
 .rela.text.prints
                0x0000000000002a40        0x0 ./User/buzzer.o
 .rela.text.printInt
                0x0000000000002a40        0x0 ./User/buzzer.o
 .rela.text.print
                0x0000000000002a40        0x0 ./User/buzzer.o
 .rela.text.printf
                0x0000000000002a40        0x0 ./User/buzzer.o

.fini           0x0000000000002a40        0x0
 *(SORT_NONE(.fini))
                0x0000000000002a40                . = ALIGN (0x4)
                [!provide]                        PROVIDE (_etext = .)
                [!provide]                        PROVIDE (_eitcm = .)

.preinit_array  0x0000000000002a40        0x0
                [!provide]                        PROVIDE (__preinit_array_start = .)
 *(.preinit_array)
                [!provide]                        PROVIDE (__preinit_array_end = .)

.init_array     0x0000000000002a40        0x8
                [!provide]                        PROVIDE (__init_array_start = .)
 *(SORT_BY_INIT_PRIORITY(.init_array.*) SORT_BY_INIT_PRIORITY(.ctors.*))
 *(.init_array EXCLUDE_FILE(*crtend?.o *crtend.o *crtbegin?.o *crtbegin.o) .ctors)
 .init_array    0x0000000000002a40        0x4 ./User/main.o
 .init_array    0x0000000000002a44        0x4 ./User/motor.o
                [!provide]                        PROVIDE (__init_array_end = .)

.fini_array     0x0000000000002a48        0x0
                [!provide]                        PROVIDE (__fini_array_start = .)
 *(SORT_BY_INIT_PRIORITY(.fini_array.*) SORT_BY_INIT_PRIORITY(.dtors.*))
 *(.fini_array EXCLUDE_FILE(*crtend?.o *crtend.o *crtbegin?.o *crtbegin.o) .dtors)
                [!provide]                        PROVIDE (__fini_array_end = .)

.ctors
 *crtbegin.o(.ctors)
 *crtbegin?.o(.ctors)
 *(EXCLUDE_FILE(*crtend?.o *crtend.o) .ctors)
 *(SORT_BY_NAME(.ctors.*))
 *(.ctors)

.dtors
 *crtbegin.o(.dtors)
 *crtbegin?.o(.dtors)
 *(EXCLUDE_FILE(*crtend?.o *crtend.o) .dtors)
 *(SORT_BY_NAME(.dtors.*))
 *(.dtors)

.dalign         0x000000002000000c        0x0 load address 0x0000000000002a48
                0x000000002000000c                . = ALIGN (0x4)
                0x000000002000000c                PROVIDE (_data_vma = .)

.dlalign        0x0000000000002a48        0x0
                0x0000000000002a48                . = ALIGN (0x4)
                0x0000000000002a48                PROVIDE (_data_lma = .)

.data           0x000000002000000c       0x3c load address 0x0000000000002a48
                0x000000002000000c                . = ALIGN (0x4)
 *(.gnu.linkonce.r.*)
 *(.data .data.*)
 .data.AHBPrescTable
                0x000000002000000c       0x10 ./User/system_ch32v00x.o
                0x000000002000000c                AHBPrescTable
 .data.SystemCoreClock
                0x000000002000001c        0x4 ./User/system_ch32v00x.o
                0x000000002000001c                SystemCoreClock
 .data.ADCPrescTable
                0x0000000020000020       0x14 ./SRC/ch32v00x_rcc.o
 .data.APBAHBPrescTable
                0x0000000020000034       0x10 ./SRC/ch32v00x_rcc.o
 *(.gnu.linkonce.d.*)
                0x0000000020000048                . = ALIGN (0x8)
 *fill*         0x0000000020000044        0x4 
                0x0000000020000848                PROVIDE (__global_pointer$ = (. + 0x800))
 *(.sdata .sdata.*)
 *(.sdata2*)
 *(.gnu.linkonce.s.*)
                0x0000000020000048                . = ALIGN (0x8)
 *(.srodata.cst16)
 *(.srodata.cst8)
 *(.srodata.cst4)
 *(.srodata.cst2)
 *(.srodata .srodata.*)
                0x0000000020000048                . = ALIGN (0x4)
                0x0000000020000048                PROVIDE (_edata = .)

.bss            0x0000000020000048       0xa0 load address 0x0000000000002a84
                0x0000000020000048                . = ALIGN (0x4)
                0x0000000020000048                PROVIDE (_sbss = .)
 *(.sbss*)
 *(.gnu.linkonce.sb.*)
 *(.bss*)
 .bss.millisec  0x0000000020000048        0x8 ./User/ch32v00x_it.o
                0x0000000020000048                millisec
 .bss._ZZ15ADC_Read_SinglehPtE20adcConversionStarted
                0x0000000020000050        0x1 ./User/main.o
 *fill*         0x0000000020000051        0x1 
 .bss._ZZ4mainE12lastADCValue
                0x0000000020000052        0x2 ./User/main.o
 *fill*         0x0000000020000054        0x4 
 .bss.b         0x0000000020000058       0x18 ./User/main.o
                0x0000000020000058                b
 .bss.comandMotorOff
                0x0000000020000070        0x2 ./User/main.o
                0x0000000020000070                comandMotorOff
 *fill*         0x0000000020000072        0x2 
 .bss.eeprom_boostEnable
                0x0000000020000074       0x10 ./User/main.o
                0x0000000020000074                eeprom_boostEnable
 .bss.eeprom_boostPower
                0x0000000020000084       0x10 ./User/main.o
                0x0000000020000084                eeprom_boostPower
 .bss.eeprom_boostTime
                0x0000000020000094       0x10 ./User/main.o
                0x0000000020000094                eeprom_boostTime
 .bss.eeprom_power
                0x00000000200000a4       0x10 ./User/main.o
                0x00000000200000a4                eeprom_power
 .bss.motor_volume
                0x00000000200000b4        0x4 ./User/main.o
                0x00000000200000b4                motor_volume
 .bss.pwm       0x00000000200000b8        0x6 ./User/main.o
                0x00000000200000b8                pwm
 *fill*         0x00000000200000be        0x2 
 .bss.screen    0x00000000200000c0        0x4 ./User/main.o
                0x00000000200000c0                screen
 .bss._ZL11motor_state
                0x00000000200000c4        0x4 ./User/motor.o
 .bss._ZL16boost_start_time
                0x00000000200000c8        0x8 ./User/motor.o
 .bss._ZL9motor_cmd
                0x00000000200000d0        0x4 ./User/motor.o
 .bss.motorPwm  0x00000000200000d4        0x6 ./User/motor.o
                0x00000000200000d4                motorPwm
 *fill*         0x00000000200000da        0x2 
 .bss._ZZ12ScreenNormalE4step
                0x00000000200000dc        0x4 ./User/screens.o
 .bss.NVIC_Priority_Group
                0x00000000200000e0        0x4 ./SRC/ch32v00x_misc.o
                0x00000000200000e0                NVIC_Priority_Group
 .bss.p_ms      0x00000000200000e4        0x2 ./SRC/debug.o
 .bss.p_us      0x00000000200000e6        0x1 ./SRC/debug.o
 *(.gnu.linkonce.b.*)
 *(COMMON*)
                0x00000000200000e8                . = ALIGN (0x4)
 *fill*         0x00000000200000e7        0x1 
                0x00000000200000e8                PROVIDE (_ebss = .)
                0x00000000200000e8                PROVIDE (_end = _ebss)
                [!provide]                        PROVIDE (end = .)

.stack          0x0000000020000700      0x100
                0x0000000020000700                PROVIDE (_heap_end = .)
                0x0000000020000700                . = ALIGN (0x4)
                [!provide]                        PROVIDE (_susrstack = .)
                0x0000000020000800                . = (. + __stack_size)
 *fill*         0x0000000020000700      0x100 
                0x0000000020000800                PROVIDE (_eusrstack = .)
OUTPUT(Standby_Mode.elf elf32-littleriscv)

.debug_info     0x0000000000000000    0x16dcb
 .debug_info    0x0000000000000000     0x1683 ./User/buzzer.o
 .debug_info    0x0000000000001683      0xce5 ./User/ch32v00x_it.o
 .debug_info    0x0000000000002368     0x1010 ./User/init.o
 .debug_info    0x0000000000003378     0x2bca ./User/main.o
 .debug_info    0x0000000000005f42     0x1b67 ./User/motor.o
 .debug_info    0x0000000000007aa9     0x2022 ./User/screens.o
 .debug_info    0x0000000000009acb      0xc59 ./User/system_ch32v00x.o
 .debug_info    0x000000000000a724     0x157a ./SRC/ch32v00x_adc.o
 .debug_info    0x000000000000bc9e      0xc71 ./SRC/ch32v00x_exti.o
 .debug_info    0x000000000000c90f     0x14d5 ./SRC/ch32v00x_flash.o
 .debug_info    0x000000000000dde4     0x1088 ./SRC/ch32v00x_gpio.o
 .debug_info    0x000000000000ee6c      0xe31 ./SRC/ch32v00x_misc.o
 .debug_info    0x000000000000fc9d      0xf54 ./SRC/ch32v00x_pwr.o
 .debug_info    0x0000000000010bf1     0x10e0 ./SRC/ch32v00x_rcc.o
 .debug_info    0x0000000000011cd1     0x29d3 ./SRC/ch32v00x_tim.o
 .debug_info    0x00000000000146a4     0x13a5 ./SRC/ch32v00x_usart.o
 .debug_info    0x0000000000015a49      0x349 ./SRC/core_riscv.o
 .debug_info    0x0000000000015d92     0x1017 ./SRC/debug.o
 .debug_info    0x0000000000016da9       0x22 ./SRC/startup_ch32v00x.o

.debug_abbrev   0x0000000000000000     0x3e3c
 .debug_abbrev  0x0000000000000000      0x337 ./User/buzzer.o
 .debug_abbrev  0x0000000000000337      0x263 ./User/ch32v00x_it.o
 .debug_abbrev  0x000000000000059a      0x258 ./User/init.o
 .debug_abbrev  0x00000000000007f2      0x6dc ./User/main.o
 .debug_abbrev  0x0000000000000ece      0x553 ./User/motor.o
 .debug_abbrev  0x0000000000001421      0x564 ./User/screens.o
 .debug_abbrev  0x0000000000001985      0x297 ./User/system_ch32v00x.o
 .debug_abbrev  0x0000000000001c1c      0x307 ./SRC/ch32v00x_adc.o
 .debug_abbrev  0x0000000000001f23      0x2da ./SRC/ch32v00x_exti.o
 .debug_abbrev  0x00000000000021fd      0x3fa ./SRC/ch32v00x_flash.o
 .debug_abbrev  0x00000000000025f7      0x309 ./SRC/ch32v00x_gpio.o
 .debug_abbrev  0x0000000000002900      0x2e1 ./SRC/ch32v00x_misc.o
 .debug_abbrev  0x0000000000002be1      0x359 ./SRC/ch32v00x_pwr.o
 .debug_abbrev  0x0000000000002f3a      0x389 ./SRC/ch32v00x_rcc.o
 .debug_abbrev  0x00000000000032c3      0x408 ./SRC/ch32v00x_tim.o
 .debug_abbrev  0x00000000000036cb      0x323 ./SRC/ch32v00x_usart.o
 .debug_abbrev  0x00000000000039ee      0x10d ./SRC/core_riscv.o
 .debug_abbrev  0x0000000000003afb      0x32f ./SRC/debug.o
 .debug_abbrev  0x0000000000003e2a       0x12 ./SRC/startup_ch32v00x.o

.debug_loc      0x0000000000000000     0x57f6
 .debug_loc     0x0000000000000000      0x381 ./User/buzzer.o
 .debug_loc     0x0000000000000381      0x88a ./User/main.o
 .debug_loc     0x0000000000000c0b      0x2ee ./User/motor.o
 .debug_loc     0x0000000000000ef9      0x28f ./User/screens.o
 .debug_loc     0x0000000000001188       0x55 ./User/system_ch32v00x.o
 .debug_loc     0x00000000000011dd      0x9fa ./SRC/ch32v00x_adc.o
 .debug_loc     0x0000000000001bd7      0x181 ./SRC/ch32v00x_exti.o
 .debug_loc     0x0000000000001d58      0xad0 ./SRC/ch32v00x_flash.o
 .debug_loc     0x0000000000002828      0x5e2 ./SRC/ch32v00x_gpio.o
 .debug_loc     0x0000000000002e0a       0x47 ./SRC/ch32v00x_misc.o
 .debug_loc     0x0000000000002e51      0x19a ./SRC/ch32v00x_pwr.o
 .debug_loc     0x0000000000002feb      0x5e3 ./SRC/ch32v00x_rcc.o
 .debug_loc     0x00000000000035ce     0x1936 ./SRC/ch32v00x_tim.o
 .debug_loc     0x0000000000004f04      0x735 ./SRC/ch32v00x_usart.o
 .debug_loc     0x0000000000005639      0x1bd ./SRC/debug.o

.debug_aranges  0x0000000000000000      0xc40
 .debug_aranges
                0x0000000000000000       0xe8 ./User/buzzer.o
 .debug_aranges
                0x00000000000000e8       0x30 ./User/ch32v00x_it.o
 .debug_aranges
                0x0000000000000118       0x20 ./User/init.o
 .debug_aranges
                0x0000000000000138       0x60 ./User/main.o
 .debug_aranges
                0x0000000000000198       0x78 ./User/motor.o
 .debug_aranges
                0x0000000000000210       0x70 ./User/screens.o
 .debug_aranges
                0x0000000000000280       0x28 ./User/system_ch32v00x.o
 .debug_aranges
                0x00000000000002a8      0x138 ./SRC/ch32v00x_adc.o
 .debug_aranges
                0x00000000000003e0       0x50 ./SRC/ch32v00x_exti.o
 .debug_aranges
                0x0000000000000430      0x110 ./SRC/ch32v00x_flash.o
 .debug_aranges
                0x0000000000000540       0x98 ./SRC/ch32v00x_gpio.o
 .debug_aranges
                0x00000000000005d8       0x28 ./SRC/ch32v00x_misc.o
 .debug_aranges
                0x0000000000000600       0x58 ./SRC/ch32v00x_pwr.o
 .debug_aranges
                0x0000000000000658       0xe0 ./SRC/ch32v00x_rcc.o
 .debug_aranges
                0x0000000000000738      0x2d8 ./SRC/ch32v00x_tim.o
 .debug_aranges
                0x0000000000000a10      0x100 ./SRC/ch32v00x_usart.o
 .debug_aranges
                0x0000000000000b10       0xa8 ./SRC/core_riscv.o
 .debug_aranges
                0x0000000000000bb8       0x58 ./SRC/debug.o
 .debug_aranges
                0x0000000000000c10       0x30 ./SRC/startup_ch32v00x.o

.debug_ranges   0x0000000000000000      0xdc8
 .debug_ranges  0x0000000000000000       0xf0 ./User/buzzer.o
 .debug_ranges  0x00000000000000f0       0x40 ./User/ch32v00x_it.o
 .debug_ranges  0x0000000000000130       0x10 ./User/init.o
 .debug_ranges  0x0000000000000140      0x130 ./User/main.o
 .debug_ranges  0x0000000000000270       0xf0 ./User/motor.o
 .debug_ranges  0x0000000000000360       0xe0 ./User/screens.o
 .debug_ranges  0x0000000000000440       0x18 ./User/system_ch32v00x.o
 .debug_ranges  0x0000000000000458      0x128 ./SRC/ch32v00x_adc.o
 .debug_ranges  0x0000000000000580       0x40 ./SRC/ch32v00x_exti.o
 .debug_ranges  0x00000000000005c0      0x100 ./SRC/ch32v00x_flash.o
 .debug_ranges  0x00000000000006c0       0x88 ./SRC/ch32v00x_gpio.o
 .debug_ranges  0x0000000000000748       0x30 ./SRC/ch32v00x_misc.o
 .debug_ranges  0x0000000000000778       0x90 ./SRC/ch32v00x_pwr.o
 .debug_ranges  0x0000000000000808       0xd0 ./SRC/ch32v00x_rcc.o
 .debug_ranges  0x00000000000008d8      0x2f8 ./SRC/ch32v00x_tim.o
 .debug_ranges  0x0000000000000bd0       0xf0 ./SRC/ch32v00x_usart.o
 .debug_ranges  0x0000000000000cc0       0x98 ./SRC/core_riscv.o
 .debug_ranges  0x0000000000000d58       0x48 ./SRC/debug.o
 .debug_ranges  0x0000000000000da0       0x28 ./SRC/startup_ch32v00x.o

.debug_line     0x0000000000000000     0xfa85
 .debug_line    0x0000000000000000      0xa3a ./User/buzzer.o
 .debug_line    0x0000000000000a3a      0x3d5 ./User/ch32v00x_it.o
 .debug_line    0x0000000000000e0f      0x68c ./User/init.o
 .debug_line    0x000000000000149b     0x155d ./User/main.o
 .debug_line    0x00000000000029f8      0xd7e ./User/motor.o
 .debug_line    0x0000000000003776     0x124a ./User/screens.o
 .debug_line    0x00000000000049c0      0x50d ./User/system_ch32v00x.o
 .debug_line    0x0000000000004ecd     0x1498 ./SRC/ch32v00x_adc.o
 .debug_line    0x0000000000006365      0x62c ./SRC/ch32v00x_exti.o
 .debug_line    0x0000000000006991     0x1c85 ./SRC/ch32v00x_flash.o
 .debug_line    0x0000000000008616      0xc53 ./SRC/ch32v00x_gpio.o
 .debug_line    0x0000000000009269      0x43a ./SRC/ch32v00x_misc.o
 .debug_line    0x00000000000096a3      0x79f ./SRC/ch32v00x_pwr.o
 .debug_line    0x0000000000009e42      0xe5a ./SRC/ch32v00x_rcc.o
 .debug_line    0x000000000000ac9c     0x300f ./SRC/ch32v00x_tim.o
 .debug_line    0x000000000000dcab      0xf48 ./SRC/ch32v00x_usart.o
 .debug_line    0x000000000000ebf3      0x477 ./SRC/core_riscv.o
 .debug_line    0x000000000000f06a      0x8d7 ./SRC/debug.o
 .debug_line    0x000000000000f941      0x144 ./SRC/startup_ch32v00x.o

.debug_str      0x0000000000000000     0x3f51
 .debug_str     0x0000000000000000      0x7d8 ./User/buzzer.o
                                        0x88e (size before relaxing)
 .debug_str     0x00000000000007d8       0xed ./User/ch32v00x_it.o
                                        0x752 (size before relaxing)
 .debug_str     0x00000000000008c5      0x31a ./User/init.o
                                        0xa06 (size before relaxing)
 .debug_str     0x0000000000000bdf     0x1199 ./User/main.o
                                       0x1b1d (size before relaxing)
 .debug_str     0x0000000000001d78      0x3e2 ./User/motor.o
                                       0x10ec (size before relaxing)
 .debug_str     0x000000000000215a       0x87 ./User/screens.o
                                       0x12bd (size before relaxing)
 .debug_str     0x00000000000021e1       0xe9 ./User/system_ch32v00x.o
                                        0x791 (size before relaxing)
 .debug_str     0x00000000000022ca      0x3a6 ./SRC/ch32v00x_adc.o
                                        0xc02 (size before relaxing)
 .debug_str     0x0000000000002670       0xcc ./SRC/ch32v00x_exti.o
                                        0x819 (size before relaxing)
 .debug_str     0x000000000000273c      0x33b ./SRC/ch32v00x_flash.o
                                        0xb2d (size before relaxing)
 .debug_str     0x0000000000002a77      0x16c ./SRC/ch32v00x_gpio.o
                                        0x9bb (size before relaxing)
 .debug_str     0x0000000000002be3       0xea ./SRC/ch32v00x_misc.o
                                        0x997 (size before relaxing)
 .debug_str     0x0000000000002ccd      0x122 ./SRC/ch32v00x_pwr.o
                                        0x877 (size before relaxing)
 .debug_str     0x0000000000002def      0x282 ./SRC/ch32v00x_rcc.o
                                        0xa29 (size before relaxing)
 .debug_str     0x0000000000003071      0x942 ./SRC/ch32v00x_tim.o
                                       0x12e3 (size before relaxing)
 .debug_str     0x00000000000039b3      0x3fe ./SRC/ch32v00x_usart.o
                                        0xb78 (size before relaxing)
 .debug_str     0x0000000000003db1       0xee ./SRC/core_riscv.o
                                        0x2a6 (size before relaxing)
 .debug_str     0x0000000000003e9f       0x8c ./SRC/debug.o
                                        0x9ac (size before relaxing)
 .debug_str     0x0000000000003f2b       0x26 ./SRC/startup_ch32v00x.o
                                         0x67 (size before relaxing)

.comment        0x0000000000000000       0x33
 .comment       0x0000000000000000       0x33 ./User/buzzer.o
                                         0x34 (size before relaxing)
 .comment       0x0000000000000033       0x34 ./User/ch32v00x_it.o
 .comment       0x0000000000000033       0x34 ./User/init.o
 .comment       0x0000000000000033       0x34 ./User/main.o
 .comment       0x0000000000000033       0x34 ./User/motor.o
 .comment       0x0000000000000033       0x34 ./User/screens.o
 .comment       0x0000000000000033       0x34 ./User/system_ch32v00x.o
 .comment       0x0000000000000033       0x34 ./SRC/ch32v00x_adc.o
 .comment       0x0000000000000033       0x34 ./SRC/ch32v00x_exti.o
 .comment       0x0000000000000033       0x34 ./SRC/ch32v00x_flash.o
 .comment       0x0000000000000033       0x34 ./SRC/ch32v00x_gpio.o
 .comment       0x0000000000000033       0x34 ./SRC/ch32v00x_misc.o
 .comment       0x0000000000000033       0x34 ./SRC/ch32v00x_pwr.o
 .comment       0x0000000000000033       0x34 ./SRC/ch32v00x_rcc.o
 .comment       0x0000000000000033       0x34 ./SRC/ch32v00x_tim.o
 .comment       0x0000000000000033       0x34 ./SRC/ch32v00x_usart.o
 .comment       0x0000000000000033       0x34 ./SRC/core_riscv.o
 .comment       0x0000000000000033       0x34 ./SRC/debug.o
 .comment       0x0000000000000033       0x34 c:/mounriver/mounriver_studio2/resources/app/resources/win32/components/wch/toolchain/risc-v embedded gcc/bin/../lib/gcc/riscv-none-embed/8.2.0/../../../../riscv-none-embed/lib/rv32ecxw/ilp32e\libprintf.a(wchprintf.o)

.debug_frame    0x0000000000000000     0x185c
 .debug_frame   0x0000000000000000      0x2f4 ./User/buzzer.o
 .debug_frame   0x00000000000002f4       0x50 ./User/ch32v00x_it.o
 .debug_frame   0x0000000000000344       0x38 ./User/init.o
 .debug_frame   0x000000000000037c       0x50 ./User/system_ch32v00x.o
 .debug_frame   0x00000000000003cc      0x26c ./SRC/ch32v00x_adc.o
 .debug_frame   0x0000000000000638       0x90 ./SRC/ch32v00x_exti.o
 .debug_frame   0x00000000000006c8      0x324 ./SRC/ch32v00x_flash.o
 .debug_frame   0x00000000000009ec      0x154 ./SRC/ch32v00x_gpio.o
 .debug_frame   0x0000000000000b40       0x30 ./SRC/ch32v00x_misc.o
 .debug_frame   0x0000000000000b70       0xb8 ./SRC/ch32v00x_pwr.o
 .debug_frame   0x0000000000000c28      0x1dc ./SRC/ch32v00x_rcc.o
 .debug_frame   0x0000000000000e04      0x624 ./SRC/ch32v00x_tim.o
 .debug_frame   0x0000000000001428      0x204 ./SRC/ch32v00x_usart.o
 .debug_frame   0x000000000000162c      0x130 ./SRC/core_riscv.o
 .debug_frame   0x000000000000175c      0x100 ./SRC/debug.o
